
> tools-codelife-cafe@1.0.0 test:unit
> node --test "tests/unit/*.test.ts"

TAP version 13
# Subtest: TSV/Excel貼り付けデータを自動判定してMarkdown表付きプロンプトを生成する
ok 1 - TSV/Excel貼り付けデータを自動判定してMarkdown表付きプロンプトを生成する
  ---
  duration_ms: 2.5151
  type: 'test'
  ...
# Subtest: CSVクォート、カンマ、改行、パイプをMarkdown向けに処理する
ok 2 - CSVクォート、カンマ、改行、パイプをMarkdown向けに処理する
  ---
  duration_ms: 0.3973
  type: 'test'
  ...
# Subtest: 最大行数を超える入力は先頭行に制限して警告する
ok 3 - 最大行数を超える入力は先頭行に制限して警告する
  ---
  duration_ms: 0.422
  type: 'test'
  ...
# Subtest: 自由指示と未クローズクォートの警告を扱う
ok 4 - 自由指示と未クローズクォートの警告を扱う
  ---
  duration_ms: 0.3116
  type: 'test'
  ...
# Subtest: getSearchQueryMetadata: 正常な検索クエリからメタデータを抽出する
ok 5 - getSearchQueryMetadata: 正常な検索クエリからメタデータを抽出する
  ---
  duration_ms: 4.8408
  type: 'test'
  ...
# Subtest: getSearchQueryMetadata: メールアドレス等のPIIを含む場合はq_redactedが付与される
ok 6 - getSearchQueryMetadata: メールアドレス等のPIIを含む場合はq_redactedが付与される
  ---
  duration_ms: 0.5709
  type: 'test'
  ...
# node:internal/modules/esm/resolve:275
#     throw new ERR_MODULE_NOT_FOUND(
#           ^
# Error [ERR_MODULE_NOT_FOUND]: Cannot find module 'D:\\tools-codelife-cafe\\src\\lib\\tools\\base64' imported from D:\\tools-codelife-cafe\\tests\\unit\\base64.test.ts
#     at finalizeResolution (node:internal/modules/esm/resolve:275:11)
#     at moduleResolve (node:internal/modules/esm/resolve:861:10)
#     at defaultResolve (node:internal/modules/esm/resolve:985:11)
#     at \#cachedDefaultResolve (node:internal/modules/esm/loader:731:20)
#     at ModuleLoader.resolve (node:internal/modules/esm/loader:708:38)
#     at ModuleLoader.getModuleJobForImport (node:internal/modules/esm/loader:310:38)
#     at ModuleJob._link (node:internal/modules/esm/module_job:182:49) {
#   code: 'ERR_MODULE_NOT_FOUND',
#   url: 'file:///D:/tools-codelife-cafe/src/lib/tools/base64'
# }
# Node.js v22.22.2
# Subtest: tests\\unit\\base64.test.ts
not ok 3 - tests\\unit\\base64.test.ts
  ---
  duration_ms: 335.3086
  type: 'test'
  location: 'D:\\tools-codelife-cafe\\tests\\unit\\base64.test.ts:1:1'
  failureType: 'testCodeFailure'
  exitCode: 1
  signal: ~
  error: 'test failed'
  code: 'ERR_TEST_FAILURE'
  ...
# node:internal/modules/esm/resolve:275
#     throw new ERR_MODULE_NOT_FOUND(
#           ^
# Error [ERR_MODULE_NOT_FOUND]: Cannot find module 'D:\\tools-codelife-cafe\\src\\lib\\tools\\char-count' imported from D:\\tools-codelife-cafe\\tests\\unit\\char-count.test.ts
#     at finalizeResolution (node:internal/modules/esm/resolve:275:11)
#     at moduleResolve (node:internal/modules/esm/resolve:861:10)
#     at defaultResolve (node:internal/modules/esm/resolve:985:11)
#     at \#cachedDefaultResolve (node:internal/modules/esm/loader:731:20)
#     at ModuleLoader.resolve (node:internal/modules/esm/loader:708:38)
#     at ModuleLoader.getModuleJobForImport (node:internal/modules/esm/loader:310:38)
#     at ModuleJob._link (node:internal/modules/esm/module_job:182:49) {
#   code: 'ERR_MODULE_NOT_FOUND',
#   url: 'file:///D:/tools-codelife-cafe/src/lib/tools/char-count'
# }
# Node.js v22.22.2
# Subtest: tests\\unit\\char-count.test.ts
not ok 4 - tests\\unit\\char-count.test.ts
  ---
  duration_ms: 306.5152
  type: 'test'
  location: 'D:\\tools-codelife-cafe\\tests\\unit\\char-count.test.ts:1:1'
  failureType: 'testCodeFailure'
  exitCode: 1
  signal: ~
  error: 'test failed'
  code: 'ERR_TEST_FAILURE'
  ...
# Subtest: escapeXml - エスケープ処理
ok 9 - escapeXml - エスケープ処理
  ---
  duration_ms: 7.3747
  type: 'test'
  ...
# Subtest: validateChartSpec - 仕様検証
ok 10 - validateChartSpec - 仕様検証
  ---
  duration_ms: 1.1115
  type: 'test'
  ...
# Subtest: buildChartSvg - 各種グラフとエスケープ・count集計
ok 11 - buildChartSvg - 各種グラフとエスケープ・count集計
  ---
  duration_ms: 7.3487
  type: 'test'
  ...
# node:internal/modules/esm/resolve:263
#     throw new ERR_UNSUPPORTED_DIR_IMPORT(path, basePath, String(resolved));
#           ^
# Error [ERR_UNSUPPORTED_DIR_IMPORT]: Directory import 'D:\\tools-codelife-cafe\\src\\lib\\cipher' is not supported resolving ES modules imported from D:\\tools-codelife-cafe\\tests\\unit\\cipher.test.ts
#     at finalizeResolution (node:internal/modules/esm/resolve:263:11)
#     at moduleResolve (node:internal/modules/esm/resolve:861:10)
#     at defaultResolve (node:internal/modules/esm/resolve:985:11)
#     at \#cachedDefaultResolve (node:internal/modules/esm/loader:731:20)
#     at ModuleLoader.resolve (node:internal/modules/esm/loader:708:38)
#     at ModuleLoader.getModuleJobForImport (node:internal/modules/esm/loader:310:38)
#     at ModuleJob._link (node:internal/modules/esm/module_job:182:49) {
#   code: 'ERR_UNSUPPORTED_DIR_IMPORT',
#   url: 'file:///D:/tools-codelife-cafe/src/lib/cipher'
# }
# Node.js v22.22.2
# Subtest: tests\\unit\\cipher.test.ts
not ok 6 - tests\\unit\\cipher.test.ts
  ---
  duration_ms: 329.8413
  type: 'test'
  location: 'D:\\tools-codelife-cafe\\tests\\unit\\cipher.test.ts:1:1'
  failureType: 'testCodeFailure'
  exitCode: 1
  signal: ~
  error: 'test failed'
  code: 'ERR_TEST_FAILURE'
  ...
# Subtest: hexToRgb: 6桁HEX（\#有無どちらも可）
ok 13 - hexToRgb: 6桁HEX（\#有無どちらも可）
  ---
  duration_ms: 3.2877
  type: 'test'
  ...
# Subtest: hexToRgb: 3桁HEXは各桁を複製して展開
ok 14 - hexToRgb: 3桁HEXは各桁を複製して展開
  ---
  duration_ms: 0.4588
  type: 'test'
  ...
# Subtest: hexToRgb: 4桁HEXはalphaを含む
ok 15 - hexToRgb: 4桁HEXはalphaを含む
  ---
  duration_ms: 0.4845
  type: 'test'
  ...
# Subtest: hexToRgb: 8桁HEXはalphaを含む
ok 16 - hexToRgb: 8桁HEXはalphaを含む
  ---
  duration_ms: 0.2802
  type: 'test'
  ...
# Subtest: hexToRgb: 不正な桁数・文字はnull
ok 17 - hexToRgb: 不正な桁数・文字はnull
  ---
  duration_ms: 0.5334
  type: 'test'
  ...
# Subtest: rgbToHex: 基本変換と8桁出力（alpha < 1）
ok 18 - rgbToHex: 基本変換と8桁出力（alpha < 1）
  ---
  duration_ms: 0.5615
  type: 'test'
  ...
# Subtest: rgbToHsl: 境界色（黒・白・グレー）
ok 19 - rgbToHsl: 境界色（黒・白・グレー）
  ---
  duration_ms: 0.6144
  type: 'test'
  ...
# Subtest: rgbToHsl: 原色（赤・緑・青）
ok 20 - rgbToHsl: 原色（赤・緑・青）
  ---
  duration_ms: 0.353
  type: 'test'
  ...
# Subtest: hslToRgb: 原色の逆変換
ok 21 - hslToRgb: 原色の逆変換
  ---
  duration_ms: 14.2758
  type: 'test'
  ...
# Subtest: ラウンドトリップ: HEX→RGB→HSL→RGB→HEX が誤差±1/チャンネルで一致
ok 22 - ラウンドトリップ: HEX→RGB→HSL→RGB→HEX が誤差±1/チャンネルで一致
  ---
  duration_ms: 5.0342
  type: 'test'
  ...
# Subtest: rgbToCmyk: 境界色
ok 23 - rgbToCmyk: 境界色
  ---
  duration_ms: 0.5962
  type: 'test'
  ...
# Subtest: cmykToRgb: 境界色の逆変換
ok 24 - cmykToRgb: 境界色の逆変換
  ---
  duration_ms: 6.8965
  type: 'test'
  ...
# Subtest: CMYKラウンドトリップ: RGB→CMYK→RGB が誤差±1/チャンネルで一致
ok 25 - CMYKラウンドトリップ: RGB→CMYK→RGB が誤差±1/チャンネルで一致
  ---
  duration_ms: 0.6901
  type: 'test'
  ...
# Subtest: formatHex / formatRgb / formatHsl / formatCmyk: CSSでそのまま使える文字列
ok 26 - formatHex / formatRgb / formatHsl / formatCmyk: CSSでそのまま使える文字列
  ---
  duration_ms: 1.0669
  type: 'test'
  ...
# Subtest: formatRgb / formatHsl: alpha < 1 でrgba()/hsla()になる
ok 27 - formatRgb / formatHsl: alpha < 1 でrgba()/hsla()になる
  ---
  duration_ms: 0.1761
  type: 'test'
  ...
# Subtest: formatRgb / formatHsl: alpha = 1 はrgb()/hsl()のまま
ok 28 - formatRgb / formatHsl: alpha = 1 はrgb()/hsl()のまま
  ---
  duration_ms: 0.1383
  type: 'test'
  ...
# Subtest: parseColor: HEX（6桁、\#有無どちらも可）
ok 29 - parseColor: HEX（6桁、\#有無どちらも可）
  ---
  duration_ms: 0.5872
  type: 'test'
  ...
# Subtest: parseColor: HEX（3桁・4桁・8桁）
ok 30 - parseColor: HEX（3桁・4桁・8桁）
  ---
  duration_ms: 1.0506
  type: 'test'
  ...
# Subtest: parseColor: rgb() / rgba()
ok 31 - parseColor: rgb() / rgba()
  ---
  duration_ms: 3.1976
  type: 'test'
  ...
# Subtest: parseColor: hsl() / hsla()
ok 32 - parseColor: hsl() / hsla()
  ---
  duration_ms: 1.556
  type: 'test'
  ...
# Subtest: parseColor: cmyk()
ok 33 - parseColor: cmyk()
  ---
  duration_ms: 0.5768
  type: 'test'
  ...
# Subtest: parseColor: 空白・大文字小文字・全角文字を正規化して許容
ok 34 - parseColor: 空白・大文字小文字・全角文字を正規化して許容
  ---
  duration_ms: 0.5939
  type: 'test'
  ...
# Subtest: parseColor: 不正入力はnull
ok 35 - parseColor: 不正入力はnull
  ---
  duration_ms: 0.5144
  type: 'test'
  ...
# Subtest: parseColor: 不正な小数トークン（1..2 / 1.2.3 等）はnull
ok 36 - parseColor: 不正な小数トークン（1..2 / 1.2.3 等）はnull
  ---
  duration_ms: 0.3147
  type: 'test'
  ...
# node:internal/modules/esm/resolve:275
#     throw new ERR_MODULE_NOT_FOUND(
#           ^
# Error [ERR_MODULE_NOT_FOUND]: Cannot find module 'D:\\tools-codelife-cafe\\src\\lib\\tools\\csv-editor' imported from D:\\tools-codelife-cafe\\tests\\unit\\csv-editor.test.ts
#     at finalizeResolution (node:internal/modules/esm/resolve:275:11)
#     at moduleResolve (node:internal/modules/esm/resolve:861:10)
#     at defaultResolve (node:internal/modules/esm/resolve:985:11)
#     at \#cachedDefaultResolve (node:internal/modules/esm/loader:731:20)
#     at ModuleLoader.resolve (node:internal/modules/esm/loader:708:38)
#     at ModuleLoader.getModuleJobForImport (node:internal/modules/esm/loader:310:38)
#     at ModuleJob._link (node:internal/modules/esm/module_job:182:49) {
#   code: 'ERR_MODULE_NOT_FOUND',
#   url: 'file:///D:/tools-codelife-cafe/src/lib/tools/csv-editor'
# }
# Node.js v22.22.2
# Subtest: tests\\unit\\csv-editor.test.ts
not ok 8 - tests\\unit\\csv-editor.test.ts
  ---
  duration_ms: 330.7407
  type: 'test'
  location: 'D:\\tools-codelife-cafe\\tests\\unit\\csv-editor.test.ts:1:1'
  failureType: 'testCodeFailure'
  exitCode: 1
  signal: ~
  error: 'test failed'
  code: 'ERR_TEST_FAILURE'
  ...
# node:internal/modules/esm/resolve:275
#     throw new ERR_MODULE_NOT_FOUND(
#           ^
# Error [ERR_MODULE_NOT_FOUND]: Cannot find module 'D:\\tools-codelife-cafe\\src\\lib\\tools\\dummy-data' imported from D:\\tools-codelife-cafe\\tests\\unit\\dummy-data.test.ts
#     at finalizeResolution (node:internal/modules/esm/resolve:275:11)
#     at moduleResolve (node:internal/modules/esm/resolve:861:10)
#     at defaultResolve (node:internal/modules/esm/resolve:985:11)
#     at \#cachedDefaultResolve (node:internal/modules/esm/loader:731:20)
#     at ModuleLoader.resolve (node:internal/modules/esm/loader:708:38)
#     at ModuleLoader.getModuleJobForImport (node:internal/modules/esm/loader:310:38)
#     at ModuleJob._link (node:internal/modules/esm/module_job:182:49) {
#   code: 'ERR_MODULE_NOT_FOUND',
#   url: 'file:///D:/tools-codelife-cafe/src/lib/tools/dummy-data'
# }
# Node.js v22.22.2
# Subtest: tests\\unit\\dummy-data.test.ts
not ok 9 - tests\\unit\\dummy-data.test.ts
  ---
  duration_ms: 438.5879
  type: 'test'
  location: 'D:\\tools-codelife-cafe\\tests\\unit\\dummy-data.test.ts:1:1'
  failureType: 'testCodeFailure'
  exitCode: 1
  signal: ~
  error: 'test failed'
  code: 'ERR_TEST_FAILURE'
  ...
# Subtest: EXIF なし JPEG で空の ExifData を返す
ok 39 - EXIF なし JPEG で空の ExifData を返す
  ---
  duration_ms: 3.4056
  type: 'test'
  ...
# Subtest: EXIF なしバイト列（非 JPEG）で空の ExifData を返す
ok 40 - EXIF なしバイト列（非 JPEG）で空の ExifData を返す
  ---
  duration_ms: 0.5391
  type: 'test'
  ...
# Subtest: 空バイト列で例外を投げない
ok 41 - 空バイト列で例外を投げない
  ---
  duration_ms: 0.6513
  type: 'test'
  ...
# Subtest: II（リトルエンディアン）で IFD0 の Make/Model を読める
ok 42 - II（リトルエンディアン）で IFD0 の Make/Model を読める
  ---
  duration_ms: 2.0102
  type: 'test'
  ...
# Subtest: MM（ビッグエンディアン）で IFD0 の Make を読める
ok 43 - MM（ビッグエンディアン）で IFD0 の Make を読める
  ---
  duration_ms: 0.6691
  type: 'test'
  ...
# Subtest: Orientation タグを読み取れる
ok 44 - Orientation タグを読み取れる
  ---
  duration_ms: 0.4292
  type: 'test'
  ...
# Subtest: ExifIFD サブ IFD の DateTimeOriginal を読める
ok 45 - ExifIFD サブ IFD の DateTimeOriginal を読める
  ---
  duration_ms: 0.4601
  type: 'test'
  ...
# Subtest: ExifIFD の RATIONAL タグ（FNumber）を読める
ok 46 - ExifIFD の RATIONAL タグ（FNumber）を読める
  ---
  duration_ms: 18.0325
  type: 'test'
  ...
# Subtest: GPS 付き JPEG で緯度経度が十進数に変換される (N/E)
ok 47 - GPS 付き JPEG で緯度経度が十進数に変換される (N/E)
  ---
  duration_ms: 1.451
  type: 'test'
  ...
# Subtest: GPS: S/W で負の座標になる
ok 48 - GPS: S/W で負の座標になる
  ---
  duration_ms: 1.6995
  type: 'test'
  ...
# Subtest: RATIONAL の denominator=0 で例外を投げない
ok 49 - RATIONAL の denominator=0 で例外を投げない
  ---
  duration_ms: 0.5699
  type: 'test'
  ...
# Subtest: truncated APP1 でクラッシュしない
ok 50 - truncated APP1 でクラッシュしない
  ---
  duration_ms: 0.2108
  type: 'test'
  ...
# Subtest: offset 範囲外の IFD ポインタでクラッシュしない
ok 51 - offset 範囲外の IFD ポインタでクラッシュしない
  ---
  duration_ms: 0.1607
  type: 'test'
  ...
# Subtest: stripMetadata: Exif APP1 を除去し JFIF APP0 を保持する
ok 52 - stripMetadata: Exif APP1 を除去し JFIF APP0 を保持する
  ---
  duration_ms: 0.47
  type: 'test'
  ...
# Subtest: stripMetadata 後に parseExif で hasExif === false
ok 53 - stripMetadata 後に parseExif で hasExif === false
  ---
  duration_ms: 0.2231
  type: 'test'
  ...
# Subtest: stripMetadata: XMP APP1 も除去する
ok 54 - stripMetadata: XMP APP1 も除去する
  ---
  duration_ms: 0.3219
  type: 'test'
  ...
# Subtest: stripMetadata: IPTC APP13 を除去する
ok 55 - stripMetadata: IPTC APP13 を除去する
  ---
  duration_ms: 0.2394
  type: 'test'
  ...
# Subtest: stripMetadata: ICC APP2 は保持する
ok 56 - stripMetadata: ICC APP2 は保持する
  ---
  duration_ms: 0.341
  type: 'test'
  ...
# Subtest: stripMetadata: 非 JPEG 形式は warning を返す
ok 57 - stripMetadata: 非 JPEG 形式は warning を返す
  ---
  duration_ms: 0.1427
  type: 'test'
  ...
# Subtest: validateBatch: ファイル数超過でエラー
ok 58 - validateBatch: ファイル数超過でエラー
  ---
  duration_ms: 1.0498
  type: 'test'
  ...
# Subtest: validateBatch: 正常なファイル数で ok
ok 59 - validateBatch: 正常なファイル数で ok
  ---
  duration_ms: 1.211
  type: 'test'
  ...
# Subtest: detectImageKind: PNG シグネチャ（89 50 4E 47）
ok 60 - detectImageKind: PNG シグネチャ（89 50 4E 47）
  ---
  duration_ms: 1.9395
  type: 'test'
  ...
# Subtest: detectImageKind: JPEG シグネチャ（FF D8 FF）
ok 61 - detectImageKind: JPEG シグネチャ（FF D8 FF）
  ---
  duration_ms: 0.3866
  type: 'test'
  ...
# Subtest: detectImageKind: WebP シグネチャ（RIFF....WEBP）
ok 62 - detectImageKind: WebP シグネチャ（RIFF....WEBP）
  ---
  duration_ms: 0.2022
  type: 'test'
  ...
# Subtest: detectImageKind: SVG（<svg を含む / <?xml・BOM・空白前置も許容）
ok 63 - detectImageKind: SVG（<svg を含む / <?xml・BOM・空白前置も許容）
  ---
  duration_ms: 0.4339
  type: 'test'
  ...
# Subtest: detectImageKind: 非対応・不明シグネチャは null
ok 64 - detectImageKind: 非対応・不明シグネチャは null
  ---
  duration_ms: 1.5241
  type: 'test'
  ...
# Subtest: validateImageFile: 正常な PNG は ok / kind=png
ok 65 - validateImageFile: 正常な PNG は ok / kind=png
  ---
  duration_ms: 21.2073
  type: 'test'
  ...
# Subtest: validateImageFile: 正常な SVG は ok / kind=svg
ok 66 - validateImageFile: 正常な SVG は ok / kind=svg
  ---
  duration_ms: 4.9632
  type: 'test'
  ...
# Subtest: validateImageFile: 未対応 MIME（GIF）は unsupported-type
ok 67 - validateImageFile: 未対応 MIME（GIF）は unsupported-type
  ---
  duration_ms: 0.2916
  type: 'test'
  ...
# Subtest: validateImageFile: シグネチャ不一致（type空・中身ゴミ）は invalid-signature
ok 68 - validateImageFile: シグネチャ不一致（type空・中身ゴミ）は invalid-signature
  ---
  duration_ms: 0.6408
  type: 'test'
  ...
# Subtest: validateImageFile: 20MB 超は too-large
ok 69 - validateImageFile: 20MB 超は too-large
  ---
  duration_ms: 0.6014
  type: 'test'
  ...
# Subtest: encodeIco: ICONDIR 署名・エントリ数・各エントリのサイズ/オフセットが正しい
ok 70 - encodeIco: ICONDIR 署名・エントリ数・各エントリのサイズ/オフセットが正しい
  ---
  duration_ms: 0.5912
  type: 'test'
  ...
# Subtest: encodeIco: 256px は寸法バイトを 0 で表現する
ok 71 - encodeIco: 256px は寸法バイトを 0 で表現する
  ---
  duration_ms: 0.1661
  type: 'test'
  ...
# Subtest: buildWebmanifest: 有効JSONで必須キーを含む
ok 72 - buildWebmanifest: 有効JSONで必須キーを含む
  ---
  duration_ms: 0.2746
  type: 'test'
  ...
# Subtest: buildWebmanifest: shortName 指定時はそれを使う
ok 73 - buildWebmanifest: shortName 指定時はそれを使う
  ---
  duration_ms: 0.1377
  type: 'test'
  ...
# Subtest: buildHtmlSnippet: link/meta 一式と theme-color を含む
ok 74 - buildHtmlSnippet: link/meta 一式と theme-color を含む
  ---
  duration_ms: 0.335
  type: 'test'
  ...
# Subtest: buildHtmlSnippet: themeColor の HTML 特殊文字をエスケープする（注入防止）
ok 75 - buildHtmlSnippet: themeColor の HTML 特殊文字をエスケープする（注入防止）
  ---
  duration_ms: 0.1477
  type: 'test'
  ...
# Subtest: escapeHtmlAttribute: HTML特殊文字をエンティティ化する
ok 76 - escapeHtmlAttribute: HTML特殊文字をエンティティ化する
  ---
  duration_ms: 0.1271
  type: 'test'
  ...
# Subtest: validateSvgSafety: 自己完結SVG（内部参照・data URI）は ok
ok 77 - validateSvgSafety: 自己完結SVG（内部参照・data URI）は ok
  ---
  duration_ms: 0.8365
  type: 'test'
  ...
# Subtest: validateSvgSafety: 外部参照・スクリプト・イベント属性は拒否
ok 78 - validateSvgSafety: 外部参照・スクリプト・イベント属性は拒否
  ---
  duration_ms: 0.172
  type: 'test'
  ...
# Subtest: parseSvgDimensions: width/height（px有無）を優先する
ok 79 - parseSvgDimensions: width/height（px有無）を優先する
  ---
  duration_ms: 0.9357
  type: 'test'
  ...
# Subtest: parseSvgDimensions: width/height が無ければ viewBox を使う
ok 80 - parseSvgDimensions: width/height が無ければ viewBox を使う
  ---
  duration_ms: 0.3867
  type: 'test'
  ...
# Subtest: parseSvgDimensions: 寸法情報が無ければ正方形512
ok 81 - parseSvgDimensions: 寸法情報が無ければ正方形512
  ---
  duration_ms: 0.3202
  type: 'test'
  ...
# Subtest: encodeIco: 16/32/48 を内包する有効な ICONDIR を生成する
ok 82 - encodeIco: 16/32/48 を内包する有効な ICONDIR を生成する
  ---
  duration_ms: 0.3172
  type: 'test'
  ...
# Subtest: MD5: 既知のテストベクトル
ok 83 - MD5: 既知のテストベクトル
  ---
  duration_ms: 4.7165
  type: 'test'
  ...
# Subtest: MD5: パディング境界の入力長 55/56/57/64/65 bytes
ok 84 - MD5: パディング境界の入力長 55/56/57/64/65 bytes
  ---
  duration_ms: 1.2643
  type: 'test'
  ...
# Subtest: MD5: インクリメンタル計算がチャンクサイズに依存しない
ok 85 - MD5: インクリメンタル計算がチャンクサイズに依存しない
  ---
  duration_ms: 11.5618
  type: 'test'
  ...
# Subtest: MD5: ランダムデータで node:crypto とクロスチェック
ok 86 - MD5: ランダムデータで node:crypto とクロスチェック
  ---
  duration_ms: 9.3936
  type: 'test'
  ...
# Subtest: CRC32: 既知のテストベクトル（ゼロ埋め8桁・小文字）
ok 87 - CRC32: 既知のテストベクトル（ゼロ埋め8桁・小文字）
  ---
  duration_ms: 0.9146
  type: 'test'
  ...
# Subtest: hashText: SHA系の既知ベクトル
ok 88 - hashText: SHA系の既知ベクトル
  ---
  duration_ms: 17.655
  type: 'test'
  ...
# Subtest: hashText: 空文字列・日本語・絵文字で全アルゴリズム一致
ok 89 - hashText: 空文字列・日本語・絵文字で全アルゴリズム一致
  ---
  duration_ms: 4.1865
  type: 'test'
  ...
# Subtest: hashFile: チャンク経路とフルバッファ経路が hashText と一致
ok 90 - hashFile: チャンク経路とフルバッファ経路が hashText と一致
  ---
  duration_ms: 9.0407
  type: 'test'
  ...
# Subtest: hashFile: 空ファイル
ok 91 - hashFile: 空ファイル
  ---
  duration_ms: 3.6738
  type: 'test'
  ...
# Subtest: hashFile: onProgress が単調増加し最後に100になる
ok 92 - hashFile: onProgress が単調増加し最後に100になる
  ---
  duration_ms: 2.5154
  type: 'test'
  ...
# Subtest: validateHashFile: 256MB上限と警告段階
ok 93 - validateHashFile: 256MB上限と警告段階
  ---
  duration_ms: 0.5283
  type: 'test'
  ...
# Subtest: normalizeHash / compareHash: 大文字小文字・空白・ハイフンの揺れを吸収
ok 94 - normalizeHash / compareHash: 大文字小文字・空白・ハイフンの揺れを吸収
  ---
  duration_ms: 0.3097
  type: 'test'
  ...
# Subtest: detectAlgorithmByLength: 長さによる判定
ok 95 - detectAlgorithmByLength: 長さによる判定
  ---
  duration_ms: 0.3498
  type: 'test'
  ...
# Subtest: validateImageFile: PNG は OK
ok 96 - validateImageFile: PNG は OK
  ---
  duration_ms: 2.3974
  type: 'test'
  ...
# Subtest: validateImageFile: SVG は OK
ok 97 - validateImageFile: SVG は OK
  ---
  duration_ms: 0.4114
  type: 'test'
  ...
# Subtest: validateImageFile: 非対応形式は unsupported-type
ok 98 - validateImageFile: 非対応形式は unsupported-type
  ---
  duration_ms: 0.2733
  type: 'test'
  ...
# Subtest: validateImageFile: 10MB超は too-large
ok 99 - validateImageFile: 10MB超は too-large
  ---
  duration_ms: 0.1835
  type: 'test'
  ...
# Subtest: toBase64: Data URI から Base64 本体を抽出する
ok 100 - toBase64: Data URI から Base64 本体を抽出する
  ---
  duration_ms: 0.316
  type: 'test'
  ...
# Subtest: toBase64: カンマなしの入力はエラー
ok 101 - toBase64: カンマなしの入力はエラー
  ---
  duration_ms: 2.6703
  type: 'test'
  ...
# Subtest: buildSnippet: data-uri はそのまま返す
ok 102 - buildSnippet: data-uri はそのまま返す
  ---
  duration_ms: 0.5908
  type: 'test'
  ...
# Subtest: buildSnippet: raw-base64 は Base64 本体のみ
ok 103 - buildSnippet: raw-base64 は Base64 本体のみ
  ---
  duration_ms: 0.1799
  type: 'test'
  ...
# Subtest: buildSnippet: img タグ
ok 104 - buildSnippet: img タグ
  ---
  duration_ms: 0.5469
  type: 'test'
  ...
# Subtest: buildSnippet: css-bg
ok 105 - buildSnippet: css-bg
  ---
  duration_ms: 0.7369
  type: 'test'
  ...
# Subtest: detectMimeFromBase64: PNG
ok 106 - detectMimeFromBase64: PNG
  ---
  duration_ms: 0.4972
  type: 'test'
  ...
# Subtest: detectMimeFromBase64: JPEG
ok 107 - detectMimeFromBase64: JPEG
  ---
  duration_ms: 0.2018
  type: 'test'
  ...
# Subtest: detectMimeFromBase64: GIF
ok 108 - detectMimeFromBase64: GIF
  ---
  duration_ms: 0.1361
  type: 'test'
  ...
# Subtest: detectMimeFromBase64: WebP
ok 109 - detectMimeFromBase64: WebP
  ---
  duration_ms: 0.1238
  type: 'test'
  ...
# Subtest: detectMimeFromBase64: SVG（PD...）
ok 110 - detectMimeFromBase64: SVG（PD...）
  ---
  duration_ms: 0.0989
  type: 'test'
  ...
# Subtest: detectMimeFromBase64: SVG（PHN...）
ok 111 - detectMimeFromBase64: SVG（PHN...）
  ---
  duration_ms: 0.084
  type: 'test'
  ...
# Subtest: detectMimeFromBase64: 不明なデータは null
ok 112 - detectMimeFromBase64: 不明なデータは null
  ---
  duration_ms: 0.0876
  type: 'test'
  ...
# Subtest: dataUriToBlob: Data URI 付き PNG のデコード
ok 113 - dataUriToBlob: Data URI 付き PNG のデコード
  ---
  duration_ms: 0.51
  type: 'test'
  ...
# Subtest: dataUriToBlob: data: プレフィックスなし（マジックバイト判定）
ok 114 - dataUriToBlob: data: プレフィックスなし（マジックバイト判定）
  ---
  duration_ms: 0.2726
  type: 'test'
  ...
# Subtest: dataUriToBlob: 改行・空白を含む入力
ok 115 - dataUriToBlob: 改行・空白を含む入力
  ---
  duration_ms: 0.1674
  type: 'test'
  ...
# Subtest: dataUriToBlob: 空文字列はエラー
ok 116 - dataUriToBlob: 空文字列はエラー
  ---
  duration_ms: 0.1764
  type: 'test'
  ...
# Subtest: dataUriToBlob: 不正な Base64 はエラー
ok 117 - dataUriToBlob: 不正な Base64 はエラー
  ---
  duration_ms: 0.1996
  type: 'test'
  ...
# Subtest: dataUriToBlob: data:text/html は拒否
ok 118 - dataUriToBlob: data:text/html は拒否
  ---
  duration_ms: 0.6259
  type: 'test'
  ...
# Subtest: dataUriToBlob: MIMEヘッダのみ（Base64なし）はエラー
ok 119 - dataUriToBlob: MIMEヘッダのみ（Base64なし）はエラー
  ---
  duration_ms: 0.2043
  type: 'test'
  ...
# Subtest: dataUriToBlob: マジックバイト判定不能 + data: なしはエラー
ok 120 - dataUriToBlob: マジックバイト判定不能 + data: なしはエラー
  ---
  duration_ms: 0.2291
  type: 'test'
  ...
# Subtest: ラウンドトリップ: encode → decode が元バイト列と一致
ok 121 - ラウンドトリップ: encode → decode が元バイト列と一致
  ---
  duration_ms: 1.8305
  type: 'test'
  ...
# Subtest: estimateSize: サイズと肥大率を計算する
ok 122 - estimateSize: サイズと肥大率を計算する
  ---
  duration_ms: 0.422
  type: 'test'
  ...
# Subtest: estimateSize: パディング付きの入力でも正確
ok 123 - estimateSize: パディング付きの入力でも正確
  ---
  duration_ms: 0.1349
  type: 'test'
  ...
# Subtest: extensionForMime: 各 MIME → 拡張子
ok 124 - extensionForMime: 各 MIME → 拡張子
  ---
  duration_ms: 0.1404
  type: 'test'
  ...
# Subtest: formatBytes: 人が読める形式
ok 125 - formatBytes: 人が読める形式
  ---
  duration_ms: 0.1576
  type: 'test'
  ...
# Subtest: computeTargetDimensions: none は原寸を返す
ok 126 - computeTargetDimensions: none は原寸を返す
  ---
  duration_ms: 3.4248
  type: 'test'
  ...
# Subtest: computeTargetDimensions: max-width は縦横比維持・拡大しない
ok 127 - computeTargetDimensions: max-width は縦横比維持・拡大しない
  ---
  duration_ms: 0.5168
  type: 'test'
  ...
# Subtest: computeTargetDimensions: max-height は高さ基準で縮小
ok 128 - computeTargetDimensions: max-height は高さ基準で縮小
  ---
  duration_ms: 0.3233
  type: 'test'
  ...
# Subtest: computeTargetDimensions: long-edge は長辺基準（縦長/横長両対応）
ok 129 - computeTargetDimensions: long-edge は長辺基準（縦長/横長両対応）
  ---
  duration_ms: 0.2839
  type: 'test'
  ...
# Subtest: computeTargetDimensions: percent は倍率適用・最小1px
ok 130 - computeTargetDimensions: percent は倍率適用・最小1px
  ---
  duration_ms: 0.2475
  type: 'test'
  ...
# Subtest: searchQualityForTargetSize: 目標以下の最大品質を選ぶ
ok 131 - searchQualityForTargetSize: 目標以下の最大品質を選ぶ
  ---
  duration_ms: 1.0054
  type: 'test'
  ...
# Subtest: searchQualityForTargetSize: 下限でも超過なら target-not-reached 相当
ok 132 - searchQualityForTargetSize: 下限でも超過なら target-not-reached 相当
  ---
  duration_ms: 0.4515
  type: 'test'
  ...
# Subtest: validateImageFile: 対応形式・サイズ
ok 133 - validateImageFile: 対応形式・サイズ
  ---
  duration_ms: 0.3281
  type: 'test'
  ...
# Subtest: validateFileCount: 30枚上限
ok 134 - validateFileCount: 30枚上限
  ---
  duration_ms: 0.4303
  type: 'test'
  ...
# Subtest: resolveOutputFormat: keep は入力維持・未知はJPEGフォールバック
ok 135 - resolveOutputFormat: keep は入力維持・未知はJPEGフォールバック
  ---
  duration_ms: 0.6654
  type: 'test'
  ...
# Subtest: extensionForMime / needsBackgroundFill / buildCompressedFilename
ok 136 - extensionForMime / needsBackgroundFill / buildCompressedFilename
  ---
  duration_ms: 0.4302
  type: 'test'
  ...
# Subtest: dedupeZipNames: 同名に _2/_3 を付与（拡張子前）
ok 137 - dedupeZipNames: 同名に _2/_3 を付与（拡張子前）
  ---
  duration_ms: 0.2786
  type: 'test'
  ...
# Subtest: crc32Of: zlib.crc32 と一致する
ok 138 - crc32Of: zlib.crc32 と一致する
  ---
  duration_ms: 0.4593
  type: 'test'
  ...
# Subtest: buildZip: PKシグネチャ・エントリ数・CRC32・stored復元が正しい
ok 139 - buildZip: PKシグネチャ・エントリ数・CRC32・stored復元が正しい
  ---
  duration_ms: 1.2487
  type: 'test'
  ...
# Subtest: buildZip: Blob入力も扱える
ok 140 - buildZip: Blob入力も扱える
  ---
  duration_ms: 0.553
  type: 'test'
  ...
# Subtest: detectFormat: PNG / JPEG / WebP
ok 141 - detectFormat: PNG / JPEG / WebP
  ---
  duration_ms: 1.7892
  type: 'test'
  ...
# Subtest: detectFormat: AVIF / HEIC は ftyp brand で判定
ok 142 - detectFormat: AVIF / HEIC は ftyp brand で判定
  ---
  duration_ms: 0.6612
  type: 'test'
  ...
# Subtest: detectFormat: 未対応・短すぎは null
ok 143 - detectFormat: 未対応・短すぎは null
  ---
  duration_ms: 0.3159
  type: 'test'
  ...
# Subtest: validateImageFile: 形式判定 OK（PNG）
ok 144 - validateImageFile: 形式判定 OK（PNG）
  ---
  duration_ms: 2.5233
  type: 'test'
  ...
# Subtest: validateImageFile: 判定不能（GIF）は invalid-signature
ok 145 - validateImageFile: 判定不能（GIF）は invalid-signature
  ---
  duration_ms: 0.5689
  type: 'test'
  ...
# Subtest: validateImageFile: 50MB 超過は too-large
ok 146 - validateImageFile: 50MB 超過は too-large
  ---
  duration_ms: 0.356
  type: 'test'
  ...
# Subtest: validateBatch: 枚数・合計サイズ上限
ok 147 - validateBatch: 枚数・合計サイズ上限
  ---
  duration_ms: 0.4529
  type: 'test'
  ...
# Subtest: extractExif: APP1（EXIF）セグメントを抽出する
ok 148 - extractExif: APP1（EXIF）セグメントを抽出する
  ---
  duration_ms: 0.7173
  type: 'test'
  ...
# Subtest: extractExif: EXIF が無ければ null
ok 149 - extractExif: EXIF が無ければ null
  ---
  duration_ms: 0.5208
  type: 'test'
  ...
# Subtest: normalizeExifOrientation: Orientation を 1 に正規化する
ok 150 - normalizeExifOrientation: Orientation を 1 に正規化する
  ---
  duration_ms: 0.8129
  type: 'test'
  ...
# Subtest: injectExif: SOI 直後に注入し Orientation は 1（二重回転しない）
ok 151 - injectExif: SOI 直後に注入し Orientation は 1（二重回転しない）
  ---
  duration_ms: 0.3984
  type: 'test'
  ...
# Subtest: buildConvertedFilename / extensionForTarget / needsBackgroundFill
ok 152 - buildConvertedFilename / extensionForTarget / needsBackgroundFill
  ---
  duration_ms: 0.3253
  type: 'test'
  ...
# Subtest: createInitialCropOptions: 画像全体を初期範囲にする
ok 153 - createInitialCropOptions: 画像全体を初期範囲にする
  ---
  duration_ms: 2.3382
  type: 'test'
  ...
# Subtest: clampCropOptions: 範囲外の座標とサイズを画像内へ補正する
ok 154 - clampCropOptions: 範囲外の座標とサイズを画像内へ補正する
  ---
  duration_ms: 0.3082
  type: 'test'
  ...
# Subtest: getRotatedSize: 90度/270度では幅と高さを入れ替える
ok 155 - getRotatedSize: 90度/270度では幅と高さを入れ替える
  ---
  duration_ms: 0.3769
  type: 'test'
  ...
# Subtest: validateImageFile: 対応形式は ok: true を返す
ok 156 - validateImageFile: 対応形式は ok: true を返す
  ---
  duration_ms: 2.1696
  type: 'test'
  ...
# Subtest: validateImageFile: 非対応形式は ok: false (unsupported-type)
ok 157 - validateImageFile: 非対応形式は ok: false (unsupported-type)
  ---
  duration_ms: 0.2854
  type: 'test'
  ...
# Subtest: validateImageFile: 50MB超は ok: false (too-large)
ok 158 - validateImageFile: 50MB超は ok: false (too-large)
  ---
  duration_ms: 0.1514
  type: 'test'
  ...
# Subtest: validateBatch: 30ファイル以内・300MB以内は OK
ok 159 - validateBatch: 30ファイル以内・300MB以内は OK
  ---
  duration_ms: 0.1693
  type: 'test'
  ...
# Subtest: validateBatch: 31ファイルは拒否
ok 160 - validateBatch: 31ファイルは拒否
  ---
  duration_ms: 0.2967
  type: 'test'
  ...
# Subtest: validateBatch: 合計300MB超は拒否
ok 161 - validateBatch: 合計300MB超は拒否
  ---
  duration_ms: 0.2423
  type: 'test'
  ...
# Subtest: mimeForFormat: 各形式の MIME を返す
ok 162 - mimeForFormat: 各形式の MIME を返す
  ---
  duration_ms: 0.2802
  type: 'test'
  ...
# Subtest: buildMergedFilename: 拡張子が正しい
ok 163 - buildMergedFilename: 拡張子が正しい
  ---
  duration_ms: 0.1911
  type: 'test'
  ...
# Subtest: computeLayout: 空配列は { width: 0, height: 0, cells: [] }
ok 164 - computeLayout: 空配列は { width: 0, height: 0, cells: [] }
  ---
  duration_ms: 1.96
  type: 'test'
  ...
# Subtest: vertical/original: 合計高さ＝各画像高さの合計、幅＝最大幅
ok 165 - vertical/original: 合計高さ＝各画像高さの合計、幅＝最大幅
  ---
  duration_ms: 1.0157
  type: 'test'
  ...
# Subtest: vertical/original + gap: 余白が反映される
ok 166 - vertical/original + gap: 余白が反映される
  ---
  duration_ms: 0.3118
  type: 'test'
  ...
# Subtest: vertical/original + padding: 外周パディングが反映される
ok 167 - vertical/original + padding: 外周パディングが反映される
  ---
  duration_ms: 0.1799
  type: 'test'
  ...
# Subtest: vertical/fit-width: 全画像が最大幅に拡大/縮小される
ok 168 - vertical/fit-width: 全画像が最大幅に拡大/縮小される
  ---
  duration_ms: 0.4314
  type: 'test'
  ...
# Subtest: vertical/uniform-cell: 統一セルサイズに収まる
ok 169 - vertical/uniform-cell: 統一セルサイズに収まる
  ---
  duration_ms: 0.744
  type: 'test'
  ...
# Subtest: vertical/original + align: start/center/end が反映される
ok 170 - vertical/original + align: start/center/end が反映される
  ---
  duration_ms: 0.3214
  type: 'test'
  ...
# Subtest: horizontal/original: 合計幅＝各画像幅の合計、高さ＝最大高さ
ok 171 - horizontal/original: 合計幅＝各画像幅の合計、高さ＝最大高さ
  ---
  duration_ms: 0.3673
  type: 'test'
  ...
# Subtest: horizontal/original + gap: 余白が反映される
ok 172 - horizontal/original + gap: 余白が反映される
  ---
  duration_ms: 0.1422
  type: 'test'
  ...
# Subtest: horizontal/fit-width: 高さが揃う
ok 173 - horizontal/fit-width: 高さが揃う
  ---
  duration_ms: 0.1497
  type: 'test'
  ...
# Subtest: horizontal/uniform-cell: 統一セルサイズ
ok 174 - horizontal/uniform-cell: 統一セルサイズ
  ---
  duration_ms: 0.1457
  type: 'test'
  ...
# Subtest: grid: 列数に応じた行数・セル配置
ok 175 - grid: 列数に応じた行数・セル配置
  ---
  duration_ms: 0.8431
  type: 'test'
  ...
# Subtest: grid: gap と padding が反映される
ok 176 - grid: gap と padding が反映される
  ---
  duration_ms: 0.7098
  type: 'test'
  ...
# Subtest: grid/original: 異なるサイズの画像を原寸配置
ok 177 - grid/original: 異なるサイズの画像を原寸配置
  ---
  duration_ms: 0.6073
  type: 'test'
  ...
# Subtest: grid: 列数 > 画像数 の場合は画像数に制限される
ok 178 - grid: 列数 > 画像数 の場合は画像数に制限される
  ---
  duration_ms: 0.3105
  type: 'test'
  ...
# Subtest: 1枚のみでも正しくレイアウトされる
ok 179 - 1枚のみでも正しくレイアウトされる
  ---
  duration_ms: 0.3377
  type: 'test'
  ...
# Subtest: validateMetadataImageFile: 対応形式とサイズを検証する
ok 180 - validateMetadataImageFile: 対応形式とサイズを検証する
  ---
  duration_ms: 1.3741
  type: 'test'
  ...
# Subtest: validateMetadataFileCount: 20枚上限を検証する
ok 181 - validateMetadataFileCount: 20枚上限を検証する
  ---
  duration_ms: 0.2528
  type: 'test'
  ...
# Subtest: resolveMetadataOutputType: original は入力形式を維持し未知形式はJPEGにフォールバックする
ok 182 - resolveMetadataOutputType: original は入力形式を維持し未知形式はJPEGにフォールバックする
  ---
  duration_ms: 0.2929
  type: 'test'
  ...
# Subtest: buildMetadataOutputFileName: 拡張子を出力形式に合わせる
ok 183 - buildMetadataOutputFileName: 拡張子を出力形式に合わせる
  ---
  duration_ms: 0.3058
  type: 'test'
  ...
# Subtest: jsonToCsv: オブジェクト配列の基本変換とRFC4180クォート
ok 184 - jsonToCsv: オブジェクト配列の基本変換とRFC4180クォート
  ---
  duration_ms: 3.2229
  type: 'test'
  ...
# Subtest: jsonToCsv: 単一オブジェクトは1行として扱う
ok 185 - jsonToCsv: 単一オブジェクトは1行として扱う
  ---
  duration_ms: 0.4614
  type: 'test'
  ...
# Subtest: jsonToCsv: ヘッダーは全行キーの和集合（出現順）・欠損は空文字
ok 186 - jsonToCsv: ヘッダーは全行キーの和集合（出現順）・欠損は空文字
  ---
  duration_ms: 0.4931
  type: 'test'
  ...
# Subtest: jsonToCsv: flattenNested ON でドット記法・配列インデックス
ok 187 - jsonToCsv: flattenNested ON でドット記法・配列インデックス
  ---
  duration_ms: 0.3728
  type: 'test'
  ...
# Subtest: jsonToCsv: flattenNested OFF はネスト値をJSON文字列セルにする
ok 188 - jsonToCsv: flattenNested OFF はネスト値をJSON文字列セルにする
  ---
  duration_ms: 0.6072
  type: 'test'
  ...
# Subtest: jsonToCsv: トップレベル不正は日本語エラー
ok 189 - jsonToCsv: トップレベル不正は日本語エラー
  ---
  duration_ms: 0.613
  type: 'test'
  ...
# Subtest: jsonToCsv: 不正JSONは日本語エラー（位置情報があれば行番号付き）
ok 190 - jsonToCsv: 不正JSONは日本語エラー（位置情報があれば行番号付き）
  ---
  duration_ms: 1.4483
  type: 'test'
  ...
# Subtest: jsonToCsv: includeHeader OFF / 区切り文字 / 改行コード
ok 191 - jsonToCsv: includeHeader OFF / 区切り文字 / 改行コード
  ---
  duration_ms: 0.6164
  type: 'test'
  ...
# Subtest: jsonToCsv: 入力先頭のBOMを自動除去する
ok 192 - jsonToCsv: 入力先頭のBOMを自動除去する
  ---
  duration_ms: 0.786
  type: 'test'
  ...
# Subtest: csvToJson: 基本変換（hasHeader ON）と rowCount
ok 193 - csvToJson: 基本変換（hasHeader ON）と rowCount
  ---
  duration_ms: 4.6402
  type: 'test'
  ...
# Subtest: csvToJson: hasHeader OFF は column_N キー
ok 194 - csvToJson: hasHeader OFF は column_N キー
  ---
  duration_ms: 0.6956
  type: 'test'
  ...
# Subtest: csvToJson: 重複ヘッダーは一意化して値を保持する
ok 195 - csvToJson: 重複ヘッダーは一意化して値を保持する
  ---
  duration_ms: 0.3528
  type: 'test'
  ...
# Subtest: csvToJson: __proto__ ヘッダーを通常列として保持する
ok 196 - csvToJson: __proto__ ヘッダーを通常列として保持する
  ---
  duration_ms: 0.2769
  type: 'test'
  ...
# Subtest: csvToJson: BOM付き入力の自動除去
ok 197 - csvToJson: BOM付き入力の自動除去
  ---
  duration_ms: 0.3763
  type: 'test'
  ...
# Subtest: csvToJson: 空行は無視する
ok 198 - csvToJson: 空行は無視する
  ---
  duration_ms: 0.2403
  type: 'test'
  ...
# Subtest: csvToJson: 列数不足は空文字（型推論でnull）・超過は extra_N
ok 199 - csvToJson: 列数不足は空文字（型推論でnull）・超過は extra_N
  ---
  duration_ms: 0.3779
  type: 'test'
  ...
# Subtest: csvToJson: クォート未閉じは行番号付き日本語エラー
ok 200 - csvToJson: クォート未閉じは行番号付き日本語エラー
  ---
  duration_ms: 0.7611
  type: 'test'
  ...
# Subtest: csvToJson: quoted cell 後の不正文字は行番号付きエラー
ok 201 - csvToJson: quoted cell 後の不正文字は行番号付きエラー
  ---
  duration_ms: 0.5208
  type: 'test'
  ...
# Subtest: csvToJson: クォート内の改行・区切り文字・エスケープを保持
ok 202 - csvToJson: クォート内の改行・区切り文字・エスケープを保持
  ---
  duration_ms: 0.3492
  type: 'test'
  ...
# Subtest: csvToJson: クォート内のCRLFをLFへ正規化せず保持する
ok 203 - csvToJson: クォート内のCRLFをLFへ正規化せず保持する
  ---
  duration_ms: 0.2237
  type: 'test'
  ...
# Subtest: csvToJson: \\r\\n と \\n の混在を読み取れる
ok 204 - csvToJson: \\r\\n と \\n の混在を読み取れる
  ---
  duration_ms: 0.211
  type: 'test'
  ...
# Subtest: csvToJson: unflattenDotKeys ON でネスト復元
ok 205 - csvToJson: unflattenDotKeys ON でネスト復元
  ---
  duration_ms: 0.5483
  type: 'test'
  ...
# Subtest: csvToJson: unflattenDotKeys ON でも prototype pollution しない
ok 206 - csvToJson: unflattenDotKeys ON でも prototype pollution しない
  ---
  duration_ms: 0.4131
  type: 'test'
  ...
# Subtest: csvToJson: データ行なしはエラー
ok 207 - csvToJson: データ行なしはエラー
  ---
  duration_ms: 0.1721
  type: 'test'
  ...
# Subtest: detectDelimiter: 出現数による判定・同数はカンマ優先・クォート内は数えない
ok 208 - detectDelimiter: 出現数による判定・同数はカンマ優先・クォート内は数えない
  ---
  duration_ms: 0.144
  type: 'test'
  ...
# Subtest: inferCellValue: 型推論の規則
ok 209 - inferCellValue: 型推論の規則
  ---
  duration_ms: 0.1338
  type: 'test'
  ...
# Subtest: flattenObject / unflattenObject: ネスト+配列の往復
ok 210 - flattenObject / unflattenObject: ネスト+配列の往復
  ---
  duration_ms: 0.4091
  type: 'test'
  ...
# Subtest: flattenObject / unflattenObject: __proto__ をデータキーとして扱う
ok 211 - flattenObject / unflattenObject: __proto__ をデータキーとして扱う
  ---
  duration_ms: 0.1646
  type: 'test'
  ...
# Subtest: 往復変換: JSON→CSV→JSON で構造が保たれる
ok 212 - 往復変換: JSON→CSV→JSON で構造が保たれる
  ---
  duration_ms: 0.4347
  type: 'test'
  ...
# Subtest: buildCsvBlob: BOM ON で先頭3バイトが EF BB BF
ok 213 - buildCsvBlob: BOM ON で先頭3バイトが EF BB BF
  ---
  duration_ms: 0.6203
  type: 'test'
  ...
# Subtest: stripBom: 先頭BOMのみ除去
ok 214 - stripBom: 先頭BOMのみ除去
  ---
  duration_ms: 0.1129
  type: 'test'
  ...
# Subtest: formatJson: 空文字列は空出力を返す
ok 215 - formatJson: 空文字列は空出力を返す
  ---
  duration_ms: 1.7501
  type: 'test'
  ...
# Subtest: formatJson: 通常の数値は精度を保つ
ok 216 - formatJson: 通常の数値は精度を保つ
  ---
  duration_ms: 0.6731
  type: 'test'
  ...
# Subtest: formatJson: 小数点・指数表記はそのまま整形される
ok 217 - formatJson: 小数点・指数表記はそのまま整形される
  ---
  duration_ms: 0.2628
  type: 'test'
  ...
# Subtest: formatJson: 構文エラーは success=false で返す
ok 218 - formatJson: 構文エラーは success=false で返す
  ---
  duration_ms: 0.4337
  type: 'test'
  ...
# Subtest: formatJson: indent=4 で4スペース整形
ok 219 - formatJson: indent=4 で4スペース整形
  ---
  duration_ms: 0.4259
  type: 'test'
  ...
# Subtest: formatJson: indent=tab でタブ整形
ok 220 - formatJson: indent=tab でタブ整形
  ---
  duration_ms: 0.2301
  type: 'test'
  ...
# Subtest: formatJson: MAX_SAFE_INTEGER を超える大整数の精度を保持
ok 221 - formatJson: MAX_SAFE_INTEGER を超える大整数の精度を保持
  ---
  duration_ms: 0.3251
  type: 'test'
  ...
# Subtest: formatJson: 16桁の大整数 (ツイッターID等) の精度を保持
ok 222 - formatJson: 16桁の大整数 (ツイッターID等) の精度を保持
  ---
  duration_ms: 0.2532
  type: 'test'
  ...
# Subtest: formatJson: 負の大整数の精度を保持
ok 223 - formatJson: 負の大整数の精度を保持
  ---
  duration_ms: 0.582
  type: 'test'
  ...
# Subtest: formatJson: MAX_SAFE_INTEGER ちょうどは精度を保持（変換不要）
ok 224 - formatJson: MAX_SAFE_INTEGER ちょうどは精度を保持（変換不要）
  ---
  duration_ms: 0.5676
  type: 'test'
  ...
# Subtest: formatJson: 文字列内の数字は変換されない
ok 225 - formatJson: 文字列内の数字は変換されない
  ---
  duration_ms: 0.3705
  type: 'test'
  ...
# Subtest: formatJson: 配列内の大整数も精度を保持
ok 226 - formatJson: 配列内の大整数も精度を保持
  ---
  duration_ms: 0.2045
  type: 'test'
  ...
# Subtest: minifyJson: 大整数の精度を保持
ok 227 - minifyJson: 大整数の精度を保持
  ---
  duration_ms: 0.2168
  type: 'test'
  ...
# Subtest: minifyJson: 空文字列は空出力を返す
ok 228 - minifyJson: 空文字列は空出力を返す
  ---
  duration_ms: 0.1024
  type: 'test'
  ...
# Subtest: validateJson: 有効なJSONは success=true
ok 229 - validateJson: 有効なJSONは success=true
  ---
  duration_ms: 0.1464
  type: 'test'
  ...
# Subtest: validateJson: 無効なJSONは success=false
ok 230 - validateJson: 無効なJSONは success=false
  ---
  duration_ms: 0.1384
  type: 'test'
  ...
# Subtest: validateJson: 空文字列は有効扱い
ok 231 - validateJson: 空文字列は有効扱い
  ---
  duration_ms: 0.0828
  type: 'test'
  ...
# Subtest: softwareApplication: 正しい仕様の SoftwareApplication オブジェクトを生成する
ok 232 - softwareApplication: 正しい仕様の SoftwareApplication オブジェクトを生成する
  ---
  duration_ms: 1.5638
  type: 'test'
  ...
# Subtest: breadcrumb: カテゴリ指定ありの場合、3階層の BreadcrumbList を生成する
ok 233 - breadcrumb: カテゴリ指定ありの場合、3階層の BreadcrumbList を生成する
  ---
  duration_ms: 0.4622
  type: 'test'
  ...
# Subtest: generateJsonLd: SoftwareApplication と BreadcrumbList を含む @graph を生成する
ok 234 - generateJsonLd: SoftwareApplication と BreadcrumbList を含む @graph を生成する
  ---
  duration_ms: 0.4277
  type: 'test'
  ...
# node:internal/modules/esm/resolve:275
#     throw new ERR_MODULE_NOT_FOUND(
#           ^
# Error [ERR_MODULE_NOT_FOUND]: Cannot find module 'D:\\tools-codelife-cafe\\src\\lib\\tools\\jwt-decoder' imported from D:\\tools-codelife-cafe\\tests\\unit\\jwt-decoder.test.ts
#     at finalizeResolution (node:internal/modules/esm/resolve:275:11)
#     at moduleResolve (node:internal/modules/esm/resolve:861:10)
#     at defaultResolve (node:internal/modules/esm/resolve:985:11)
#     at \#cachedDefaultResolve (node:internal/modules/esm/loader:731:20)
#     at ModuleLoader.resolve (node:internal/modules/esm/loader:708:38)
#     at ModuleLoader.getModuleJobForImport (node:internal/modules/esm/loader:310:38)
#     at ModuleJob._link (node:internal/modules/esm/module_job:182:49) {
#   code: 'ERR_MODULE_NOT_FOUND',
#   url: 'file:///D:/tools-codelife-cafe/src/lib/tools/jwt-decoder'
# }
# Node.js v22.22.2
# Subtest: tests\\unit\\jwt-decoder.test.ts
not ok 22 - tests\\unit\\jwt-decoder.test.ts
  ---
  duration_ms: 510.2355
  type: 'test'
  location: 'D:\\tools-codelife-cafe\\tests\\unit\\jwt-decoder.test.ts:1:1'
  failureType: 'testCodeFailure'
  exitCode: 1
  signal: ~
  error: 'test failed'
  code: 'ERR_TEST_FAILURE'
  ...
# Subtest: renderMarkdown: 100万文字を超える入力は日本語エラーをthrowする
ok 236 - renderMarkdown: 100万文字を超える入力は日本語エラーをthrowする
  ---
  duration_ms: 2.1424
  type: 'test'
  ...
# Subtest: MAX_INPUT_CHARS は100万文字
ok 237 - MAX_INPUT_CHARS は100万文字
  ---
  duration_ms: 0.2539
  type: 'test'
  ...
# Subtest: markdownToHtml: 見出し
ok 238 - markdownToHtml: 見出し
  ---
  duration_ms: 26.9687
  type: 'test'
  ...
# Subtest: markdownToHtml: リスト（順序なし・順序あり）
ok 239 - markdownToHtml: リスト（順序なし・順序あり）
  ---
  duration_ms: 17.3101
  type: 'test'
  ...
# Subtest: markdownToHtml: テーブル（GFM）
ok 240 - markdownToHtml: テーブル（GFM）
  ---
  duration_ms: 1.5241
  type: 'test'
  ...
# Subtest: markdownToHtml: タスクリスト（GFM）
ok 241 - markdownToHtml: タスクリスト（GFM）
  ---
  duration_ms: 4.1931
  type: 'test'
  ...
# Subtest: markdownToHtml: 打ち消し線（GFM strikethrough）
ok 242 - markdownToHtml: 打ち消し線（GFM strikethrough）
  ---
  duration_ms: 11.015
  type: 'test'
  ...
# Subtest: markdownToHtml: コードブロック
ok 243 - markdownToHtml: コードブロック
  ---
  duration_ms: 0.7929
  type: 'test'
  ...
# Subtest: markdownToHtml: 引用
ok 244 - markdownToHtml: 引用
  ---
  duration_ms: 2.2348
  type: 'test'
  ...
# Subtest: markdownToHtml: リンク（自動リンクGFM含む）
ok 245 - markdownToHtml: リンク（自動リンクGFM含む）
  ---
  duration_ms: 2.787
  type: 'test'
  ...
# Subtest: markdownToHtml: breaksオフのため単一改行は改行を生成しない
ok 246 - markdownToHtml: breaksオフのため単一改行は改行を生成しない
  ---
  duration_ms: 1.6471
  type: 'test'
  ...
# Subtest: buildStandaloneHtml: DOCTYPE・lang="ja"・UTF-8・bodyHtmlの埋め込み
ok 247 - buildStandaloneHtml: DOCTYPE・lang="ja"・UTF-8・bodyHtmlの埋め込み
  ---
  duration_ms: 0.3378
  type: 'test'
  ...
# Subtest: buildStandaloneHtml: タイトルはHTMLエスケープされる
ok 248 - buildStandaloneHtml: タイトルはHTMLエスケープされる
  ---
  duration_ms: 0.1439
  type: 'test'
  ...
# Subtest: buildStandaloneHtml: 最小タイポグラフィCSSを含む
ok 249 - buildStandaloneHtml: 最小タイポグラフィCSSを含む
  ---
  duration_ms: 0.1271
  type: 'test'
  ...
# node:internal/modules/esm/resolve:275
#     throw new ERR_MODULE_NOT_FOUND(
#           ^
# Error [ERR_MODULE_NOT_FOUND]: Cannot find module 'D:\\tools-codelife-cafe\\src\\lib\\tools\\masking' imported from D:\\tools-codelife-cafe\\tests\\unit\\masking.test.ts
#     at finalizeResolution (node:internal/modules/esm/resolve:275:11)
#     at moduleResolve (node:internal/modules/esm/resolve:861:10)
#     at defaultResolve (node:internal/modules/esm/resolve:985:11)
#     at \#cachedDefaultResolve (node:internal/modules/esm/loader:731:20)
#     at ModuleLoader.resolve (node:internal/modules/esm/loader:708:38)
#     at ModuleLoader.getModuleJobForImport (node:internal/modules/esm/loader:310:38)
#     at ModuleJob._link (node:internal/modules/esm/module_job:182:49) {
#   code: 'ERR_MODULE_NOT_FOUND',
#   url: 'file:///D:/tools-codelife-cafe/src/lib/tools/masking'
# }
# Node.js v22.22.2
# Subtest: tests\\unit\\masking.test.ts
not ok 24 - tests\\unit\\masking.test.ts
  ---
  duration_ms: 433.4878
  type: 'test'
  location: 'D:\\tools-codelife-cafe\\tests\\unit\\masking.test.ts:1:1'
  failureType: 'testCodeFailure'
  exitCode: 1
  signal: ~
  error: 'test failed'
  code: 'ERR_TEST_FAILURE'
  ...
# Subtest: OGP 画像サイズは 1200×630
ok 251 - OGP 画像サイズは 1200×630
  ---
  duration_ms: 2.5701
  type: 'test'
  ...
# Subtest: TEMPLATES は 3 種類以上
ok 252 - TEMPLATES は 3 種類以上
  ---
  duration_ms: 0.8767
  type: 'test'
  ...
# Subtest: FONT_FAMILIES は 3 種類
ok 253 - FONT_FAMILIES は 3 種類
  ---
  duration_ms: 0.3017
  type: 'test'
  ...
# Subtest: wrapText: 空文字列は空配列を返す
ok 254 - wrapText: 空文字列は空配列を返す
  ---
  duration_ms: 1.2862
  type: 'test'
  ...
# Subtest: wrapText: maxLines=0 は空配列を返す
ok 255 - wrapText: maxLines=0 は空配列を返す
  ---
  duration_ms: 0.2258
  type: 'test'
  ...
# Subtest: wrapText: maxWidth=0 は空配列を返す
ok 256 - wrapText: maxWidth=0 は空配列を返す
  ---
  duration_ms: 0.177
  type: 'test'
  ...
# Subtest: wrapText: 短いテキストは 1 行に収まる
ok 257 - wrapText: 短いテキストは 1 行に収まる
  ---
  duration_ms: 0.3127
  type: 'test'
  ...
# Subtest: wrapText: 文字境界で折り返す
ok 258 - wrapText: 文字境界で折り返す
  ---
  duration_ms: 1.498
  type: 'test'
  ...
# Subtest: wrapText: maxLines を超える分は省略記号
ok 259 - wrapText: maxLines を超える分は省略記号
  ---
  duration_ms: 0.8054
  type: 'test'
  ...
# Subtest: wrapText: 改行で行を分割する
ok 260 - wrapText: 改行で行を分割する
  ---
  duration_ms: 0.8568
  type: 'test'
  ...
# Subtest: wrapText: 改行が maxLines を超える場合は省略
ok 261 - wrapText: 改行が maxLines を超える場合は省略
  ---
  duration_ms: 0.4277
  type: 'test'
  ...
# Subtest: wrapText: サロゲートペア（絵文字）を正しく扱う
ok 262 - wrapText: サロゲートペア（絵文字）を正しく扱う
  ---
  duration_ms: 0.3974
  type: 'test'
  ...
# Subtest: wrapText: 絵文字を含むテキストの折り返し
ok 263 - wrapText: 絵文字を含むテキストの折り返し
  ---
  duration_ms: 0.1558
  type: 'test'
  ...
# Subtest: wrapText: 1 文字が maxWidth を超えても最低 1 文字は出力する
ok 264 - wrapText: 1 文字が maxWidth を超えても最低 1 文字は出力する
  ---
  duration_ms: 0.1074
  type: 'test'
  ...
# Subtest: wrapText: 全量が収まる場合は省略記号なし
ok 265 - wrapText: 全量が収まる場合は省略記号なし
  ---
  duration_ms: 0.1175
  type: 'test'
  ...
# Subtest: wrapText: 日本語テキストの折り返し
ok 266 - wrapText: 日本語テキストの折り返し
  ---
  duration_ms: 0.2736
  type: 'test'
  ...
# Subtest: fitFontSize: 結果は min–max の範囲内
ok 267 - fitFontSize: 結果は min–max の範囲内
  ---
  duration_ms: 0.2159
  type: 'test'
  ...
# Subtest: fitFontSize: 長いテキストほどフォントサイズが小さくなる
ok 268 - fitFontSize: 長いテキストほどフォントサイズが小さくなる
  ---
  duration_ms: 0.1852
  type: 'test'
  ...
# Subtest: fitFontSize: 小さいボックスでは小さいサイズになる
ok 269 - fitFontSize: 小さいボックスでは小さいサイズになる
  ---
  duration_ms: 0.1672
  type: 'test'
  ...
# Subtest: fitFontSize: 結果のフォントサイズでテキストがボックスに収まる
ok 270 - fitFontSize: 結果のフォントサイズでテキストがボックスに収まる
  ---
  duration_ms: 0.1762
  type: 'test'
  ...
# Subtest: fitFontSize: min === max のとき min を返す
ok 271 - fitFontSize: min === max のとき min を返す
  ---
  duration_ms: 0.1005
  type: 'test'
  ...
# Subtest: LINE_HEIGHT は 1 より大きい
ok 272 - LINE_HEIGHT は 1 より大きい
  ---
  duration_ms: 0.0897
  type: 'test'
  ...
# Subtest: PADDING は正の値
ok 273 - PADDING は正の値
  ---
  duration_ms: 0.0845
  type: 'test'
  ...
# Subtest: mergePdfs: PDF 2つ + PNG 1つの結合結果のページ数が合計と一致する
ok 274 - mergePdfs: PDF 2つ + PNG 1つの結合結果のページ数が合計と一致する
  ---
  duration_ms: 402.305
  type: 'test'
  ...
# Subtest: mergePdfs: 進捗コールバックがファイルごとに呼ばれる
ok 275 - mergePdfs: 進捗コールバックがファイルごとに呼ばれる
  ---
  duration_ms: 12.3076
  type: 'test'
  ...
# Subtest: mergePdfs: 暗号化PDFを渡すとエラーになる
ok 276 - mergePdfs: 暗号化PDFを渡すとエラーになる
  ---
  duration_ms: 1.2315
  type: 'test'
  ...
# Subtest: loadPdfInfo: 通常PDFはページ数を返し encrypted: false
ok 277 - loadPdfInfo: 通常PDFはページ数を返し encrypted: false
  ---
  duration_ms: 4.1658
  type: 'test'
  ...
# Subtest: loadPdfInfo: 暗号化PDFは encrypted: true を返す
ok 278 - loadPdfInfo: 暗号化PDFは encrypted: true を返す
  ---
  duration_ms: 1.2013
  type: 'test'
  ...
# Subtest: parsePageRanges: 正常系 1-3,5
ok 279 - parsePageRanges: 正常系 1-3,5
  ---
  duration_ms: 0.4574
  type: 'test'
  ...
# Subtest: parsePageRanges: 開始のみ指定 8- は最終ページまで
ok 280 - parsePageRanges: 開始のみ指定 8- は最終ページまで
  ---
  duration_ms: 0.2174
  type: 'test'
  ...
# Subtest: parsePageRanges: 全角数字・全角カンマ・空白を正規化する
ok 281 - parsePageRanges: 全角数字・全角カンマ・空白を正規化する
  ---
  duration_ms: 0.1956
  type: 'test'
  ...
# Subtest: parsePageRanges: 順不同・重複も許容する
ok 282 - parsePageRanges: 順不同・重複も許容する
  ---
  duration_ms: 0.365
  type: 'test'
  ...
# Subtest: parsePageRanges: 0 はエラー
ok 283 - parsePageRanges: 0 はエラー
  ---
  duration_ms: 0.4348
  type: 'test'
  ...
# Subtest: parsePageRanges: ページ数超過はエラー（99-1000, 10ページ）
ok 284 - parsePageRanges: ページ数超過はエラー（99-1000, 10ページ）
  ---
  duration_ms: 0.1607
  type: 'test'
  ...
# Subtest: parsePageRanges: 空文字はエラー
ok 285 - parsePageRanges: 空文字はエラー
  ---
  duration_ms: 0.0795
  type: 'test'
  ...
# Subtest: parsePageRanges: 記号のみはエラー（位置つき）
ok 286 - parsePageRanges: 記号のみはエラー（位置つき）
  ---
  duration_ms: 0.0664
  type: 'test'
  ...
# Subtest: parsePageRanges: 終了 < 開始 はエラー
ok 287 - parsePageRanges: 終了 < 開始 はエラー
  ---
  duration_ms: 0.2117
  type: 'test'
  ...
# Subtest: splitPdf: 範囲ごとのページ数とファイル名が一致する
ok 288 - splitPdf: 範囲ごとのページ数とファイル名が一致する
  ---
  duration_ms: 20.5299
  type: 'test'
  ...
# Subtest: splitPdf: 非連続ページの抽出は1ファイルにまとまる
ok 289 - splitPdf: 非連続ページの抽出は1ファイルにまとまる
  ---
  duration_ms: 15.2031
  type: 'test'
  ...
# Subtest: splitPdf: 範囲外ページはエラー
ok 290 - splitPdf: 範囲外ページはエラー
  ---
  duration_ms: 2.9284
  type: 'test'
  ...
# Subtest: splitPdf: 暗号化PDFはエラー
ok 291 - splitPdf: 暗号化PDFはエラー
  ---
  duration_ms: 0.6161
  type: 'test'
  ...
# Subtest: singlePageRanges: 全ページを1ページずつに展開する
ok 292 - singlePageRanges: 全ページを1ページずつに展開する
  ---
  duration_ms: 0.1495
  type: 'test'
  ...
# Subtest: splitFileName: 単一ページは p{n}、連続範囲は p{start}-{end}
ok 293 - splitFileName: 単一ページは p{n}、連続範囲は p{start}-{end}
  ---
  duration_ms: 0.0975
  type: 'test'
  ...
# Subtest: validateMergeFileCount: 上限超過はエラー
ok 294 - validateMergeFileCount: 上限超過はエラー
  ---
  duration_ms: 0.1265
  type: 'test'
  ...
# Subtest: validateTotalInputSize: 300MB超過はエラー
ok 295 - validateTotalInputSize: 300MB超過はエラー
  ---
  duration_ms: 0.0917
  type: 'test'
  ...
# Subtest: hasPdfSignature: %PDF- で始まらないバイト列は false
ok 296 - hasPdfSignature: %PDF- で始まらないバイト列は false
  ---
  duration_ms: 0.0554
  type: 'test'
  ...
# Subtest: webmcp: window / navigator / document が未定義の環境では no-op であること
ok 297 - webmcp: window / navigator / document が未定義の環境では no-op であること
  ---
  duration_ms: 2.2384
  type: 'test'
  ...
# Subtest: webmcp: document.modelContext (最新Chrome仕様) が存在する場合に registerTool が呼ばれ cleanup が機能すること
ok 298 - webmcp: document.modelContext (最新Chrome仕様) が存在する場合に registerTool が呼ばれ cleanup が機能すること
  ---
  duration_ms: 1.2024
  type: 'test'
  ...
# Subtest: webmcp: navigator.modelContext (旧ドラフト仕様) が存在する場合に provideContext が呼ばれ、戻り値の cleanup が機能すること
ok 299 - webmcp: navigator.modelContext (旧ドラフト仕様) が存在する場合に provideContext が呼ばれ、戻り値の cleanup が機能すること
  ---
  duration_ms: 2.6033
  type: 'test'
  ...
# Subtest: llms.txt: GET エンドポイントが正常にテキストを生成し 200 を返すこと
ok 300 - llms.txt: GET エンドポイントが正常にテキストを生成し 200 を返すこと
  ---
  duration_ms: 41.3502
  type: 'test'
  ...
# Subtest: llms-full.txt: GET エンドポイントが詳細情報を掲載し 200 を返すこと
ok 301 - llms-full.txt: GET エンドポイントが詳細情報を掲載し 200 を返すこと
  ---
  duration_ms: 1.3378
  type: 'test'
  ...
# Subtest: jsonld: generateJsonLd が正しい @graph 構造を生成すること
ok 302 - jsonld: generateJsonLd が正しい @graph 構造を生成すること
  ---
  duration_ms: 0.5862
  type: 'test'
  ...
# node:internal/modules/esm/resolve:275
#     throw new ERR_MODULE_NOT_FOUND(
#           ^
# Error [ERR_MODULE_NOT_FOUND]: Cannot find module 'D:\\tools-codelife-cafe\\src\\lib\\tools\\regex-tester' imported from D:\\tools-codelife-cafe\\tests\\unit\\regex-tester.test.ts
#     at finalizeResolution (node:internal/modules/esm/resolve:275:11)
#     at moduleResolve (node:internal/modules/esm/resolve:861:10)
#     at defaultResolve (node:internal/modules/esm/resolve:985:11)
#     at \#cachedDefaultResolve (node:internal/modules/esm/loader:731:20)
#     at ModuleLoader.resolve (node:internal/modules/esm/loader:708:38)
#     at ModuleLoader.getModuleJobForImport (node:internal/modules/esm/loader:310:38)
#     at ModuleJob._link (node:internal/modules/esm/module_job:182:49) {
#   code: 'ERR_MODULE_NOT_FOUND',
#   url: 'file:///D:/tools-codelife-cafe/src/lib/tools/regex-tester'
# }
# Node.js v22.22.2
# Subtest: tests\\unit\\regex-tester.test.ts
not ok 28 - tests\\unit\\regex-tester.test.ts
  ---
  duration_ms: 339.7959
  type: 'test'
  location: 'D:\\tools-codelife-cafe\\tests\\unit\\regex-tester.test.ts:1:1'
  failureType: 'testCodeFailure'
  exitCode: 1
  signal: ~
  error: 'test failed'
  code: 'ERR_TEST_FAILURE'
  ...
# Subtest: related 指定がある場合は指定順で返す
ok 304 - related 指定がある場合は指定順で返す
  ---
  duration_ms: 2.7023
  type: 'test'
  ...
# Subtest: related が limit を超える場合は先頭から limit 件に切り詰める
ok 305 - related が limit を超える場合は先頭から limit 件に切り詰める
  ---
  duration_ms: 0.2722
  type: 'test'
  ...
# Subtest: related 未指定なら同カテゴリの他ツールで補完する
ok 306 - related 未指定なら同カテゴリの他ツールで補完する
  ---
  duration_ms: 0.4536
  type: 'test'
  ...
# Subtest: related が limit に満たない場合は同カテゴリで補完する
ok 307 - related が limit に満たない場合は同カテゴリで補完する
  ---
  duration_ms: 0.2519
  type: 'test'
  ...
# Subtest: 自分自身は結果に含まれない
ok 308 - 自分自身は結果に含まれない
  ---
  duration_ms: 2.387
  type: 'test'
  ...
# Subtest: 返り値に重複はなく、すべて実在するツールidである
ok 309 - 返り値に重複はなく、すべて実在するツールidである
  ---
  duration_ms: 1.3622
  type: 'test'
  ...
# Subtest: 件数は limit を超えない
ok 310 - 件数は limit を超えない
  ---
  duration_ms: 1.8055
  type: 'test'
  ...
# Subtest: 存在しないツールidは空配列を返す
ok 311 - 存在しないツールidは空配列を返す
  ---
  duration_ms: 0.2125
  type: 'test'
  ...
# Subtest: inferColumnType - 型推定
ok 312 - inferColumnType - 型推定
  ---
  duration_ms: 4.239
  type: 'test'
  ...
# Subtest: validateFilterCondition - 条件検証
ok 313 - validateFilterCondition - 条件検証
  ---
  duration_ms: 0.3093
  type: 'test'
  ...
# Subtest: applyFilter - フィルタ適用
ok 314 - applyFilter - フィルタ適用
  ---
  duration_ms: 1.9104
  type: 'test'
  ...
# Subtest: applySort - マルチカラム安定ソート
ok 315 - applySort - マルチカラム安定ソート
  ---
  duration_ms: 0.7087
  type: 'test'
  ...
# Subtest: queryRows - パイプライン統合
ok 316 - queryRows - パイプライン統合
  ---
  duration_ms: 0.478
  type: 'test'
  ...
# Subtest: calculateTax: 10,000円 × 10% 税抜→税込 で税額1,000円・税込11,000円
ok 317 - calculateTax: 10,000円 × 10% 税抜→税込 で税額1,000円・税込11,000円
  ---
  duration_ms: 2.5851
  type: 'test'
  ...
# Subtest: calculateTax: 11,000円 × 10% 税込→税抜 で税額1,000円・税抜10,000円
ok 318 - calculateTax: 11,000円 × 10% 税込→税抜 で税額1,000円・税抜10,000円
  ---
  duration_ms: 0.3162
  type: 'test'
  ...
# Subtest: calculateTax: 101円 × 10% 税抜→税込の端数処理（floor/round/ceil）
ok 319 - calculateTax: 101円 × 10% 税抜→税込の端数処理（floor/round/ceil）
  ---
  duration_ms: 0.7989
  type: 'test'
  ...
# Subtest: calculateTax: round の四捨五入境界（remainder * 2 >= denominator）
ok 320 - calculateTax: round の四捨五入境界（remainder * 2 >= denominator）
  ---
  duration_ms: 0.3809
  type: 'test'
  ...
# Subtest: calculateTax: 0円はすべて0
ok 321 - calculateTax: 0円はすべて0
  ---
  duration_ms: 0.4468
  type: 'test'
  ...
# Subtest: calculateTax: 軽減税率8%（税抜→税込）
ok 322 - calculateTax: 軽減税率8%（税抜→税込）
  ---
  duration_ms: 0.253
  type: 'test'
  ...
# Subtest: calculateTax: 過去税率3%/5%/8%（税抜→税込）
ok 323 - calculateTax: 過去税率3%/5%/8%（税抜→税込）
  ---
  duration_ms: 0.4307
  type: 'test'
  ...
# Subtest: calculateTax: 税込→税抜は端数処理によって税抜→税込の逆算と一致しない場合がある
ok 324 - calculateTax: 税込→税抜は端数処理によって税抜→税込の逆算と一致しない場合がある
  ---
  duration_ms: 0.4554
  type: 'test'
  ...
# Subtest: calculateInvoiceTax: 複数明細は税率ごとに合計してから端数処理する
ok 325 - calculateInvoiceTax: 複数明細は税率ごとに合計してから端数処理する
  ---
  duration_ms: 2.3947
  type: 'test'
  ...
# Subtest: calculateInvoiceTax: 8%軽減税率と10%標準税率を別々に集計する
ok 326 - calculateInvoiceTax: 8%軽減税率と10%標準税率を別々に集計する
  ---
  duration_ms: 0.7109
  type: 'test'
  ...
# Subtest: calculateInvoiceTax: 税込明細は税率ごとの税込合計から税額を逆算する
ok 327 - calculateInvoiceTax: 税込明細は税率ごとの税込合計から税額を逆算する
  ---
  duration_ms: 0.3313
  type: 'test'
  ...
# Subtest: calculateInvoiceTax: 税込→税抜で8%と10%が混在する複数明細の各行base計算と金額整合性
ok 328 - calculateInvoiceTax: 税込→税抜で8%と10%が混在する複数明細の各行base計算と金額整合性
  ---
  duration_ms: 0.2397
  type: 'test'
  ...
# Subtest: validateAmount: 通常の半角数字
ok 329 - validateAmount: 通常の半角数字
  ---
  duration_ms: 0.4171
  type: 'test'
  ...
# Subtest: validateAmount: 全角数字・全角カンマを正規化
ok 330 - validateAmount: 全角数字・全角カンマを正規化
  ---
  duration_ms: 0.2837
  type: 'test'
  ...
# Subtest: validateAmount: 半角カンマ・前後の空白を正規化
ok 331 - validateAmount: 半角カンマ・前後の空白を正規化
  ---
  duration_ms: 0.1622
  type: 'test'
  ...
# Subtest: validateAmount: 0円は有効
ok 332 - validateAmount: 0円は有効
  ---
  duration_ms: 0.1045
  type: 'test'
  ...
# Subtest: validateAmount: 1兆円は有効、1兆円超はエラー
ok 333 - validateAmount: 1兆円は有効、1兆円超はエラー
  ---
  duration_ms: 0.2934
  type: 'test'
  ...
# Subtest: validateAmount: 空入力はエラー
ok 334 - validateAmount: 空入力はエラー
  ---
  duration_ms: 0.1315
  type: 'test'
  ...
# Subtest: validateAmount: 負数はエラー
ok 335 - validateAmount: 負数はエラー
  ---
  duration_ms: 0.1149
  type: 'test'
  ...
# Subtest: validateAmount: 小数はエラー
ok 336 - validateAmount: 小数はエラー
  ---
  duration_ms: 0.1112
  type: 'test'
  ...
# Subtest: validateAmount: 非数値はエラー
ok 337 - validateAmount: 非数値はエラー
  ---
  duration_ms: 0.3156
  type: 'test'
  ...
# Subtest: validateQuantity: 全角数字とカンマを正規化する
ok 338 - validateQuantity: 全角数字とカンマを正規化する
  ---
  duration_ms: 0.2838
  type: 'test'
  ...
# Subtest: validateQuantity: 0・小数・上限超過はエラー
ok 339 - validateQuantity: 0・小数・上限超過はエラー
  ---
  duration_ms: 30.3165
  type: 'test'
  ...
# Subtest: TAX_RATE_HISTORY: 標準10%・軽減8%・過去税率3/5/8%を含む
ok 340 - TAX_RATE_HISTORY: 標準10%・軽減8%・過去税率3/5/8%を含む
  ---
  duration_ms: 0.3689
  type: 'test'
  ...
# node:internal/modules/esm/resolve:275
#     throw new ERR_MODULE_NOT_FOUND(
#           ^
# Error [ERR_MODULE_NOT_FOUND]: Cannot find module 'D:\\tools-codelife-cafe\\src\\lib\\tools\\text-diff' imported from D:\\tools-codelife-cafe\\tests\\unit\\text-diff.test.ts
#     at finalizeResolution (node:internal/modules/esm/resolve:275:11)
#     at moduleResolve (node:internal/modules/esm/resolve:861:10)
#     at defaultResolve (node:internal/modules/esm/resolve:985:11)
#     at \#cachedDefaultResolve (node:internal/modules/esm/loader:731:20)
#     at ModuleLoader.resolve (node:internal/modules/esm/loader:708:38)
#     at ModuleLoader.getModuleJobForImport (node:internal/modules/esm/loader:310:38)
#     at ModuleJob._link (node:internal/modules/esm/module_job:182:49) {
#   code: 'ERR_MODULE_NOT_FOUND',
#   url: 'file:///D:/tools-codelife-cafe/src/lib/tools/text-diff'
# }
# Node.js v22.22.2
# Subtest: tests\\unit\\text-diff.test.ts
not ok 32 - tests\\unit\\text-diff.test.ts
  ---
  duration_ms: 275.3819
  type: 'test'
  location: 'D:\\tools-codelife-cafe\\tests\\unit\\text-diff.test.ts:1:1'
  failureType: 'testCodeFailure'
  exitCode: 1
  signal: ~
  error: 'test failed'
  code: 'ERR_TEST_FAILURE'
  ...
# node:internal/modules/esm/resolve:275
#     throw new ERR_MODULE_NOT_FOUND(
#           ^
# Error [ERR_MODULE_NOT_FOUND]: Cannot find module 'D:\\tools-codelife-cafe\\src\\lib\\string-utils' imported from D:\\tools-codelife-cafe\\tests\\unit\\unicode-converter.test.ts
#     at finalizeResolution (node:internal/modules/esm/resolve:275:11)
#     at moduleResolve (node:internal/modules/esm/resolve:861:10)
#     at defaultResolve (node:internal/modules/esm/resolve:985:11)
#     at \#cachedDefaultResolve (node:internal/modules/esm/loader:731:20)
#     at ModuleLoader.resolve (node:internal/modules/esm/loader:708:38)
#     at ModuleLoader.getModuleJobForImport (node:internal/modules/esm/loader:310:38)
#     at ModuleJob._link (node:internal/modules/esm/module_job:182:49) {
#   code: 'ERR_MODULE_NOT_FOUND',
#   url: 'file:///D:/tools-codelife-cafe/src/lib/string-utils'
# }
# Node.js v22.22.2
# Subtest: tests\\unit\\unicode-converter.test.ts
not ok 33 - tests\\unit\\unicode-converter.test.ts
  ---
  duration_ms: 251.2232
  type: 'test'
  location: 'D:\\tools-codelife-cafe\\tests\\unit\\unicode-converter.test.ts:1:1'
  failureType: 'testCodeFailure'
  exitCode: 1
  signal: ~
  error: 'test failed'
  code: 'ERR_TEST_FAILURE'
  ...
# Subtest: validateImageFile: PNG / JPEG / WebP は OK で format を返す
ok 343 - validateImageFile: PNG / JPEG / WebP は OK で format を返す
  ---
  duration_ms: 3.0086
  type: 'test'
  ...
# Subtest: validateImageFile: 非対応形式は unsupported-type
ok 344 - validateImageFile: 非対応形式は unsupported-type
  ---
  duration_ms: 0.4336
  type: 'test'
  ...
# Subtest: validateImageFile: 20MB 超は too-large
ok 345 - validateImageFile: 20MB 超は too-large
  ---
  duration_ms: 0.1851
  type: 'test'
  ...
# Subtest: validateResolution: 上限内は OK
ok 346 - validateResolution: 上限内は OK
  ---
  duration_ms: 0.2457
  type: 'test'
  ...
# Subtest: validateResolution: 長辺が上限超過は resolution-too-high
ok 347 - validateResolution: 長辺が上限超過は resolution-too-high
  ---
  duration_ms: 0.1667
  type: 'test'
  ...
# Subtest: computeOutputDimensions: 倍率を適用
ok 348 - computeOutputDimensions: 倍率を適用
  ---
  duration_ms: 0.2439
  type: 'test'
  ...
# Subtest: buildUpscaledFilename: _upscaled_{scale}x と拡張子を付与
ok 349 - buildUpscaledFilename: _upscaled_{scale}x と拡張子を付与
  ---
  duration_ms: 0.3209
  type: 'test'
  ...
# Subtest: planTiles: 画像に収まる場合は単一タイル
ok 350 - planTiles: 画像に収まる場合は単一タイル
  ---
  duration_ms: 0.3323
  type: 'test'
  ...
# Subtest: planTiles: core で格子分割され、中核領域が隙間なく全面を覆う
ok 351 - planTiles: core で格子分割され、中核領域が隙間なく全面を覆う
  ---
  duration_ms: 5.5189
  type: 'test'
  ...
# Subtest: planTiles: overlap は読み取り領域のみ拡張し画像端でクランプ
ok 352 - planTiles: overlap は読み取り領域のみ拡張し画像端でクランプ
  ---
  duration_ms: 0.6922
  type: 'test'
  ...
# Subtest: planTiles: 端数サイズでも中核領域が全面を覆う
ok 353 - planTiles: 端数サイズでも中核領域が全面を覆う
  ---
  duration_ms: 0.2101
  type: 'test'
  ...
# Subtest: MODELS: fast/max とも x4 ネイティブ
ok 354 - MODELS: fast/max とも x4 ネイティブ
  ---
  duration_ms: 0.9717
  type: 'test'
  ...
# node:internal/modules/esm/resolve:275
#     throw new ERR_MODULE_NOT_FOUND(
#           ^
# Error [ERR_MODULE_NOT_FOUND]: Cannot find module 'D:\\tools-codelife-cafe\\src\\lib\\tools\\url-encoder' imported from D:\\tools-codelife-cafe\\tests\\unit\\url-encoder.test.ts
#     at finalizeResolution (node:internal/modules/esm/resolve:275:11)
#     at moduleResolve (node:internal/modules/esm/resolve:861:10)
#     at defaultResolve (node:internal/modules/esm/resolve:985:11)
#     at \#cachedDefaultResolve (node:internal/modules/esm/loader:731:20)
#     at ModuleLoader.resolve (node:internal/modules/esm/loader:708:38)
#     at ModuleLoader.getModuleJobForImport (node:internal/modules/esm/loader:310:38)
#     at ModuleJob._link (node:internal/modules/esm/module_job:182:49) {
#   code: 'ERR_MODULE_NOT_FOUND',
#   url: 'file:///D:/tools-codelife-cafe/src/lib/tools/url-encoder'
# }
# Node.js v22.22.2
# Subtest: tests\\unit\\url-encoder.test.ts
not ok 35 - tests\\unit\\url-encoder.test.ts
  ---
  duration_ms: 216.1387
  type: 'test'
  location: 'D:\\tools-codelife-cafe\\tests\\unit\\url-encoder.test.ts:1:1'
  failureType: 'testCodeFailure'
  exitCode: 1
  signal: ~
  error: 'test failed'
  code: 'ERR_TEST_FAILURE'
  ...
# node:internal/modules/esm/resolve:275
#     throw new ERR_MODULE_NOT_FOUND(
#           ^
# Error [ERR_MODULE_NOT_FOUND]: Cannot find module 'D:\\tools-codelife-cafe\\src\\lib\\tools\\wareki-converter' imported from D:\\tools-codelife-cafe\\tests\\unit\\wareki-converter.test.ts
#     at finalizeResolution (node:internal/modules/esm/resolve:275:11)
#     at moduleResolve (node:internal/modules/esm/resolve:861:10)
#     at defaultResolve (node:internal/modules/esm/resolve:985:11)
#     at \#cachedDefaultResolve (node:internal/modules/esm/loader:731:20)
#     at ModuleLoader.resolve (node:internal/modules/esm/loader:708:38)
#     at ModuleLoader.getModuleJobForImport (node:internal/modules/esm/loader:310:38)
#     at ModuleJob._link (node:internal/modules/esm/module_job:182:49) {
#   code: 'ERR_MODULE_NOT_FOUND',
#   url: 'file:///D:/tools-codelife-cafe/src/lib/tools/wareki-converter'
# }
# Node.js v22.22.2
# Subtest: tests\\unit\\wareki-converter.test.ts
not ok 36 - tests\\unit\\wareki-converter.test.ts
  ---
  duration_ms: 205.1416
  type: 'test'
  location: 'D:\\tools-codelife-cafe\\tests\\unit\\wareki-converter.test.ts:1:1'
  failureType: 'testCodeFailure'
  exitCode: 1
  signal: ~
  error: 'test failed'
  code: 'ERR_TEST_FAILURE'
  ...
# Subtest: errors: success wraps value correctly
ok 357 - errors: success wraps value correctly
  ---
  duration_ms: 3.0666
  type: 'test'
  ...
# Subtest: errors: failure wraps error message correctly
ok 358 - errors: failure wraps error message correctly
  ---
  duration_ms: 0.3154
  type: 'test'
  ...
# Subtest: validation: isObject returns true for plain objects
ok 359 - validation: isObject returns true for plain objects
  ---
  duration_ms: 0.2352
  type: 'test'
  ...
# Subtest: validation: isObject returns false for non-objects
ok 360 - validation: isObject returns false for non-objects
  ---
  duration_ms: 0.169
  type: 'test'
  ...
# Subtest: validation: requireString succeeds for string values
ok 361 - validation: requireString succeeds for string values
  ---
  duration_ms: 0.3623
  type: 'test'
  ...
# Subtest: validation: requireString fails for non-string values
ok 362 - validation: requireString fails for non-string values
  ---
  duration_ms: 0.1865
  type: 'test'
  ...
# Subtest: validation: requireNumber succeeds for finite numbers
ok 363 - validation: requireNumber succeeds for finite numbers
  ---
  duration_ms: 0.2226
  type: 'test'
  ...
# Subtest: validation: requireNumber fails for non-finite values
ok 364 - validation: requireNumber fails for non-finite values
  ---
  duration_ms: 0.1883
  type: 'test'
  ...
# Subtest: validation: requireEnum succeeds for valid enum values
ok 365 - validation: requireEnum succeeds for valid enum values
  ---
  duration_ms: 0.5967
  type: 'test'
  ...
# Subtest: validation: requireEnum fails for invalid enum values
ok 366 - validation: requireEnum fails for invalid enum values
  ---
  duration_ms: 0.6058
  type: 'test'
  ...
# Subtest: validation: optionalEnum uses default when key is missing
ok 367 - validation: optionalEnum uses default when key is missing
  ---
  duration_ms: 0.3472
  type: 'test'
  ...
# Subtest: validation: optionalEnum uses provided value when present
ok 368 - validation: optionalEnum uses provided value when present
  ---
  duration_ms: 0.1588
  type: 'test'
  ...
# Subtest: validation: optionalEnum fails for invalid provided value
ok 369 - validation: optionalEnum fails for invalid provided value
  ---
  duration_ms: 0.1048
  type: 'test'
  ...
# Subtest: validation: checkSizeLimit passes for within-limit strings
ok 370 - validation: checkSizeLimit passes for within-limit strings
  ---
  duration_ms: 0.3797
  type: 'test'
  ...
# Subtest: validation: checkSizeLimit fails for oversized strings
ok 371 - validation: checkSizeLimit fails for oversized strings
  ---
  duration_ms: 0.1237
  type: 'test'
  ...
# Subtest: tool-factory: createWebMcpTool wraps execute in try-catch and returns ok result
ok 372 - tool-factory: createWebMcpTool wraps execute in try-catch and returns ok result
  ---
  duration_ms: 0.3408
  type: 'test'
  ...
# Subtest: tool-factory: createWebMcpTool returns error for invalid input without throwing
ok 373 - tool-factory: createWebMcpTool returns error for invalid input without throwing
  ---
  duration_ms: 0.1839
  type: 'test'
  ...
# Subtest: tool-factory: createWebMcpTool catches thrown errors in execute
ok 374 - tool-factory: createWebMcpTool catches thrown errors in execute
  ---
  duration_ms: 1.2095
  type: 'test'
  ...
# Subtest: tool-factory: createWebMcpTool catches non-Error thrown values
ok 375 - tool-factory: createWebMcpTool catches non-Error thrown values
  ---
  duration_ms: 0.1853
  type: 'test'
  ...
# Subtest: tool-factory: createWebMcpTool preserves metadata
ok 376 - tool-factory: createWebMcpTool preserves metadata
  ---
  duration_ms: 0.2035
  type: 'test'
  ...
# Subtest: hash tool: has correct name and schema
ok 377 - hash tool: has correct name and schema
  ---
  duration_ms: 0.2007
  type: 'test'
  ...
# Subtest: hash tool: computes MD5 hash correctly
ok 378 - hash tool: computes MD5 hash correctly
  ---
  duration_ms: 0.9971
  type: 'test'
  ...
# Subtest: hash tool: computes SHA-256 hash correctly
ok 379 - hash tool: computes SHA-256 hash correctly
  ---
  duration_ms: 20.5831
  type: 'test'
  ...
# Subtest: hash tool: computes SHA-512 hash correctly
ok 380 - hash tool: computes SHA-512 hash correctly
  ---
  duration_ms: 1.7011
  type: 'test'
  ...
# Subtest: hash tool: rejects null input
ok 381 - hash tool: rejects null input
  ---
  duration_ms: 0.1602
  type: 'test'
  ...
# Subtest: hash tool: rejects missing text
ok 382 - hash tool: rejects missing text
  ---
  duration_ms: 0.0936
  type: 'test'
  ...
# Subtest: hash tool: rejects missing algorithm
ok 383 - hash tool: rejects missing algorithm
  ---
  duration_ms: 0.0768
  type: 'test'
  ...
# Subtest: hash tool: rejects invalid algorithm
ok 384 - hash tool: rejects invalid algorithm
  ---
  duration_ms: 0.1276
  type: 'test'
  ...
# Subtest: hash tool: rejects non-string text
ok 385 - hash tool: rejects non-string text
  ---
  duration_ms: 0.2906
  type: 'test'
  ...
# Subtest: hash: validate rejects input when required field "algorithm" is missing
ok 386 - hash: validate rejects input when required field "algorithm" is missing
  ---
  duration_ms: 0.1437
  type: 'test'
  ...
# Subtest: hash: validate rejects input when required field "text" is missing
ok 387 - hash: validate rejects input when required field "text" is missing
  ---
  duration_ms: 0.1004
  type: 'test'
  ...
# Subtest: tax tool: has correct name and schema
ok 388 - tax tool: has correct name and schema
  ---
  duration_ms: 0.1118
  type: 'test'
  ...
# Subtest: tax tool: calculates tax-excluded to tax-included correctly (10000 * 10%)
ok 389 - tax tool: calculates tax-excluded to tax-included correctly (10000 * 10%)
  ---
  duration_ms: 0.4316
  type: 'test'
  ...
# Subtest: tax tool: calculates tax-included to tax-excluded correctly (1100 * 10%)
ok 390 - tax tool: calculates tax-included to tax-excluded correctly (1100 * 10%)
  ---
  duration_ms: 0.1937
  type: 'test'
  ...
# Subtest: tax tool: uses floor rounding by default
ok 391 - tax tool: uses floor rounding by default
  ---
  duration_ms: 0.2153
  type: 'test'
  ...
# Subtest: tax tool: uses ceil rounding when specified
ok 392 - tax tool: uses ceil rounding when specified
  ---
  duration_ms: 0.1774
  type: 'test'
  ...
# Subtest: tax tool: supports reduced tax rate (8_reduced)
ok 393 - tax tool: supports reduced tax rate (8_reduced)
  ---
  duration_ms: 0.1544
  type: 'test'
  ...
# Subtest: tax tool: rejects null input
ok 394 - tax tool: rejects null input
  ---
  duration_ms: 0.086
  type: 'test'
  ...
# Subtest: tax tool: rejects missing amount
ok 395 - tax tool: rejects missing amount
  ---
  duration_ms: 0.0841
  type: 'test'
  ...
# Subtest: tax tool: rejects missing taxRate
ok 396 - tax tool: rejects missing taxRate
  ---
  duration_ms: 0.2067
  type: 'test'
  ...
# Subtest: tax tool: rejects missing mode
ok 397 - tax tool: rejects missing mode
  ---
  duration_ms: 0.138
  type: 'test'
  ...
# Subtest: tax tool: rejects invalid taxRate
ok 398 - tax tool: rejects invalid taxRate
  ---
  duration_ms: 0.0968
  type: 'test'
  ...
# Subtest: tax tool: rejects invalid mode
ok 399 - tax tool: rejects invalid mode
  ---
  duration_ms: 0.0794
  type: 'test'
  ...
# Subtest: tax tool: rejects non-number amount
ok 400 - tax tool: rejects non-number amount
  ---
  duration_ms: 0.09
  type: 'test'
  ...
# Subtest: tax tool: rejects NaN amount
ok 401 - tax tool: rejects NaN amount
  ---
  duration_ms: 0.0796
  type: 'test'
  ...
# Subtest: tax tool: rejects invalid rounding
ok 402 - tax tool: rejects invalid rounding
  ---
  duration_ms: 0.0858
  type: 'test'
  ...
# Subtest: tax: validate rejects input when required field "amount" is missing
ok 403 - tax: validate rejects input when required field "amount" is missing
  ---
  duration_ms: 0.0566
  type: 'test'
  ...
# Subtest: tax: validate rejects input when required field "mode" is missing
ok 404 - tax: validate rejects input when required field "mode" is missing
  ---
  duration_ms: 0.054
  type: 'test'
  ...
# Subtest: tax: validate rejects input when required field "taxRate" is missing
ok 405 - tax: validate rejects input when required field "taxRate" is missing
  ---
  duration_ms: 0.0573
  type: 'test'
  ...
# Subtest: provideToolsFromFactory: wraps tool results with isError for failures
ok 406 - provideToolsFromFactory: wraps tool results with isError for failures
  ---
  duration_ms: 2.869
  type: 'test'
  ...
# Subtest: provideToolsFromFactory: forwards outputSchema to registered tool
ok 407 - provideToolsFromFactory: forwards outputSchema to registered tool
  ---
  duration_ms: 0.5837
  type: 'test'
  ...
# Subtest: Word Cloud Core Logic
    # Subtest: validateText should detect empty text and length limits
    ok 1 - validateText should detect empty text and length limits
      ---
      duration_ms: 14.7276
      type: 'test'
      ...
    # Subtest: tokenize and buildFrequencies should process Japanese text
    ok 2 - tokenize and buildFrequencies should process Japanese text
      ---
      duration_ms: 3.6581
      type: 'test'
      ...
    # Subtest: toCsv should format frequencies to UTF-8 BOM CSV
    ok 3 - toCsv should format frequencies to UTF-8 BOM CSV
      ---
      duration_ms: 0.2884
      type: 'test'
      ...
    # Subtest: toSvg should generate valid SVG text
    ok 4 - toSvg should generate valid SVG text
      ---
      duration_ms: 0.5062
      type: 'test'
      ...
    1..4
ok 408 - Word Cloud Core Logic
  ---
  duration_ms: 20.214
  type: 'suite'
  ...
# Subtest: すべてのワークフローセット内のツールがカタログに実在する
ok 409 - すべてのワークフローセット内のツールがカタログに実在する
  ---
  duration_ms: 2.1212
  type: 'test'
  ...
# Subtest: csv-fixer のワークフローコンテキストが正しく取得できる
ok 410 - csv-fixer のワークフローコンテキストが正しく取得できる
  ---
  duration_ms: 0.4382
  type: 'test'
  ...
# Subtest: csv-editor のワークフローコンテキスト（前後両方あり）が正しく取得できる
ok 411 - csv-editor のワークフローコンテキスト（前後両方あり）が正しく取得できる
  ---
  duration_ms: 0.198
  type: 'test'
  ...
# Subtest: getWorkflowToolIds で自身以外のステップツールIDが取得できる
ok 412 - getWorkflowToolIds で自身以外のステップツールIDが取得できる
  ---
  duration_ms: 1.0478
  type: 'test'
  ...
# Subtest: 未所属のツールIDの場合は null / 空配列を返す
ok 413 - 未所属のツールIDの場合は null / 空配列を返す
  ---
  duration_ms: 0.3153
  type: 'test'
  ...
# Subtest: isDecompressionStreamSupported - 環境チェック
ok 414 - isDecompressionStreamSupported - 環境チェック
  ---
  duration_ms: 2.6868
  type: 'test'
  ...
# Subtest: excelSerialToDate - 日付シリアル値変換 (1900日付系)
ok 415 - excelSerialToDate - 日付シリアル値変換 (1900日付系)
  ---
  duration_ms: 0.2752
  type: 'test'
  ...
# Subtest: excelSerialToDate - 日付シリアル値変換 (1904日付系)
ok 416 - excelSerialToDate - 日付シリアル値変換 (1904日付系)
  ---
  duration_ms: 0.1521
  type: 'test'
  ...
# Subtest: cellRefToCoords - 座標変換
ok 417 - cellRefToCoords - 座標変換
  ---
  duration_ms: 1.3663
  type: 'test'
  ...
# Subtest: parseXmlString - XML解析ヘルパーおよびinlineStr / cellXfs構造
ok 418 - parseXmlString - XML解析ヘルパーおよびinlineStr / cellXfs構造
  ---
  duration_ms: 0.9748
  type: 'test'
  ...
# Subtest: convert: 記号全種（［］｛｝（）．＊＋ 等）の往復変換が正しく、例外を投げない
ok 419 - convert: 記号全種（［］｛｝（）．＊＋ 等）の往復変換が正しく、例外を投げない
  ---
  duration_ms: 1.8012
  type: 'test'
  ...
# Subtest: convert: 英数字・カナ・記号が混在するテキストの変換検証
ok 420 - convert: 英数字・カナ・記号が混在するテキストの変換検証
  ---
  duration_ms: 0.2946
  type: 'test'
  ...
# Subtest: normalizeZip: ハイフン有無・全角・〒・空白を吸収
ok 421 - normalizeZip: ハイフン有無・全角・〒・空白を吸収
  ---
  duration_ms: 1.5624
  type: 'test'
  ...
# Subtest: normalizeZip: 先頭ゼロを文字列のまま保持
ok 422 - normalizeZip: 先頭ゼロを文字列のまま保持
  ---
  duration_ms: 0.297
  type: 'test'
  ...
# Subtest: normalizeZip: 不正入力は null
ok 423 - normalizeZip: 不正入力は null
  ---
  duration_ms: 0.2152
  type: 'test'
  ...
# Subtest: extractZipsFromLines: 1行1件で抽出（空行・余分な文字も処理）
ok 424 - extractZipsFromLines: 1行1件で抽出（空行・余分な文字も処理）
  ---
  duration_ms: 1.1757
  type: 'test'
  ...
# Subtest: extractZipsFromLines: 8桁以上の数字列は郵便番号として抽出しない
ok 425 - extractZipsFromLines: 8桁以上の数字列は郵便番号として抽出しない
  ---
  duration_ms: 0.4277
  type: 'test'
  ...
# Subtest: lookupZip: 単一該当を返す
ok 426 - lookupZip: 単一該当を返す
  ---
  duration_ms: 0.4145
  type: 'test'
  ...
# Subtest: lookupZip: 複数町域該当で全候補を返す
ok 427 - lookupZip: 複数町域該当で全候補を返す
  ---
  duration_ms: 0.4053
  type: 'test'
  ...
# Subtest: lookupZip: 先頭ゼロの郵便番号も正しいチャンクで解決
ok 428 - lookupZip: 先頭ゼロの郵便番号も正しいチャンクで解決
  ---
  duration_ms: 0.2494
  type: 'test'
  ...
# Subtest: createZipLookup: 同一チャンクは2回目以降fetchしない
ok 429 - createZipLookup: 同一チャンクは2回目以降fetchしない
  ---
  duration_ms: 1.7011
  type: 'test'
  ...
# Subtest: lookupZip: 該当なしは空配列
ok 430 - lookupZip: 該当なしは空配列
  ---
  duration_ms: 0.5104
  type: 'test'
  ...
# Subtest: bulkConvert: 正常/形式エラー/該当なし/複数候補/重複行を行順維持で変換
ok 431 - bulkConvert: 正常/形式エラー/該当なし/複数候補/重複行を行順維持で変換
  ---
  duration_ms: 0.9021
  type: 'test'
  ...
# Subtest: bulkConvert: チャンクfetch失敗は fetch-error
ok 432 - bulkConvert: チャンクfetch失敗は fetch-error
  ---
  duration_ms: 0.2401
  type: 'test'
  ...
# Subtest: bulkConvert: onProgress が最後に total へ到達
ok 433 - bulkConvert: onProgress が最後に total へ到達
  ---
  duration_ms: 0.3178
  type: 'test'
  ...
# Subtest: formatAddress: 都道府県+市区町村+町域を連結
ok 434 - formatAddress: 都道府県+市区町村+町域を連結
  ---
  duration_ms: 0.0945
  type: 'test'
  ...
1..434
# tests 437
# suites 1
# pass 425
# fail 12
# cancelled 0
# skipped 0
# todo 0
# duration_ms 1070.9655
